C:\Users\kimri\OneDrive\Desktop\cloned repos\ipdfreely\ipdfreely.Tests\Unit\LoggingServiceTests.cs(3,7): error CS0246: The type or namespace name 'Xunit' could not be found (are you missing a using directive or an assembly reference?) [C:\Users\kimri\OneDrive\Desktop\cloned repos\ipdfreely\ipdfreely.csproj::TargetFramework=net10.0-ios]
C:\Users\kimri\OneDrive\Desktop\cloned repos\ipdfreely\ipdfreely.Tests\Unit\LoggingServiceTests.cs(4,7): error CS0246: The type or namespace name 'FluentAssertions' could not be found (are you missing a using directive or an assembly reference?) [C:\Users\kimri\OneDrive\Desktop\cloned repos\ipdfreely\ipdfreely.csproj::TargetFramework=net10.0-ios]
C:\Users\kimri\OneDrive\Desktop\cloned repos\ipdfreely\ipdfreely.Tests\Unit\PdfServicesTests.cs(4,7): error CS0246: The type or namespace name 'Xunit' could not be found (are you missing a using directive or an assembly reference?) [C:\Users\kimri\OneDrive\Desktop\cloned repos\ipdfreely\ipdfreely.csproj::TargetFramework=net10.0-ios]
C:\Users\kimri\OneDrive\Desktop\cloned repos\ipdfreely\ipdfreely.Tests\Unit\PdfServicesTests.cs(5,7): error CS0246: The type or namespace name 'FluentAssertions' could not be found (are you missing a using directive or an assembly reference?) [C:\Users\kimri\OneDrive\Desktop\cloned repos\ipdfreely\ipdfreely.csproj::TargetFramework=net10.0-ios]
C:\Users\kimri\OneDrive\Desktop\cloned repos\ipdfreely\Services\ApplePdfDocument.cs(4,7): error CS0246: The type or namespace name 'PDFKit' could not be found (are you missing a using directive or an assembly reference?) [C:\Users\kimri\OneDrive\Desktop\cloned repos\ipdfreely\ipdfreely.csproj::TargetFramework=net10.0-ios]
C:\Users\kimri\OneDrive\Desktop\cloned repos\ipdfreely\ipdfreely.Tests\Unit\PdfServicesTests.cs(12,6): error CS0246: The type or namespace name 'FactAttribute' could not be found (are you missing a using directive or an assembly reference?) [C:\Users\kimri\OneDrive\Desktop\cloned repos\ipdfreely\ipdfreely.csproj::TargetFramework=net10.0-ios]
C:\Users\kimri\OneDrive\Desktop\cloned repos\ipdfreely\ipdfreely.Tests\Unit\PdfServicesTests.cs(12,6): error CS0246: The type or namespace name 'Fact' could not be found (are you missing a using directive or an assembly reference?) [C:\Users\kimri\OneDrive\Desktop\cloned repos\ipdfreely\ipdfreely.csproj::TargetFramework=net10.0-ios]
C:\Users\kimri\OneDrive\Desktop\cloned repos\ipdfreely\ipdfreely.Tests\Unit\LoggingServiceTests.cs(11,6): error CS0246: The type or namespace name 'FactAttribute' could not be found (are you missing a using directive or an assembly reference?) [C:\Users\kimri\OneDrive\Desktop\cloned repos\ipdfreely\ipdfreely.csproj::TargetFramework=net10.0-ios]
C:\Users\kimri\OneDrive\Desktop\cloned repos\ipdfreely\ipdfreely.Tests\Unit\LoggingServiceTests.cs(11,6): error CS0246: The type or namespace name 'Fact' could not be found (are you missing a using directive or an assembly reference?) [C:\Users\kimri\OneDrive\Desktop\cloned repos\ipdfreely\ipdfreely.csproj::TargetFramework=net10.0-ios]
C:\Users\kimri\OneDrive\Desktop\cloned repos\ipdfreely\Services\ApplePdfDocument.cs(37,22): error CS0246: The type or namespace name 'PdfDocument' could not be found (are you missing a using directive or an assembly reference?) [C:\Users\kimri\OneDrive\Desktop\cloned repos\ipdfreely\ipdfreely.csproj::TargetFramework=net10.0-ios]
C:\Users\kimri\OneDrive\Desktop\cloned repos\ipdfreely\ipdfreely.Tests\Unit\PdfServicesTests.cs(22,6): error CS0246: The type or namespace name 'FactAttribute' could not be found (are you missing a using directive or an assembly reference?) [C:\Users\kimri\OneDrive\Desktop\cloned repos\ipdfreely\ipdfreely.csproj::TargetFramework=net10.0-ios]
C:\Users\kimri\OneDrive\Desktop\cloned repos\ipdfreely\ipdfreely.Tests\Unit\PdfServicesTests.cs(22,6): error CS0246: The type or namespace name 'Fact' could not be found (are you missing a using directive or an assembly reference?) [C:\Users\kimri\OneDrive\Desktop\cloned repos\ipdfreely\ipdfreely.csproj::TargetFramework=net10.0-ios]
C:\Users\kimri\OneDrive\Desktop\cloned repos\ipdfreely\Services\ApplePdfDocument.cs(40,29): error CS0246: The type or namespace name 'PdfDocument' could not be found (are you missing a using directive or an assembly reference?) [C:\Users\kimri\OneDrive\Desktop\cloned repos\ipdfreely\ipdfreely.csproj::TargetFramework=net10.0-ios]
C:\Users\kimri\OneDrive\Desktop\cloned repos\ipdfreely\ipdfreely.Tests\Unit\LoggingServiceTests.cs(21,6): error CS0246: The type or namespace name 'FactAttribute' could not be found (are you missing a using directive or an assembly reference?) [C:\Users\kimri\OneDrive\Desktop\cloned repos\ipdfreely\ipdfreely.csproj::TargetFramework=net10.0-ios]
C:\Users\kimri\OneDrive\Desktop\cloned repos\ipdfreely\ipdfreely.Tests\Unit\LoggingServiceTests.cs(21,6): error CS0246: The type or namespace name 'Fact' could not be found (are you missing a using directive or an assembly reference?) [C:\Users\kimri\OneDrive\Desktop\cloned repos\ipdfreely\ipdfreely.csproj::TargetFramework=net10.0-ios]
C:\Users\kimri\OneDrive\Desktop\cloned repos\ipdfreely\ipdfreely.Tests\Unit\PdfServicesTests.cs(35,6): error CS0246: The type or namespace name 'FactAttribute' could not be found (are you missing a using directive or an assembly reference?) [C:\Users\kimri\OneDrive\Desktop\cloned repos\ipdfreely\ipdfreely.csproj::TargetFramework=net10.0-ios]
C:\Users\kimri\OneDrive\Desktop\cloned repos\ipdfreely\ipdfreely.Tests\Unit\PdfServicesTests.cs(35,6): error CS0246: The type or namespace name 'Fact' could not be found (are you missing a using directive or an assembly reference?) [C:\Users\kimri\OneDrive\Desktop\cloned repos\ipdfreely\ipdfreely.csproj::TargetFramework=net10.0-ios]
C:\Users\kimri\OneDrive\Desktop\cloned repos\ipdfreely\ipdfreely.Tests\Unit\LoggingServiceTests.cs(36,6): error CS0246: The type or namespace name 'FactAttribute' could not be found (are you missing a using directive or an assembly reference?) [C:\Users\kimri\OneDrive\Desktop\cloned repos\ipdfreely\ipdfreely.csproj::TargetFramework=net10.0-ios]
C:\Users\kimri\OneDrive\Desktop\cloned repos\ipdfreely\ipdfreely.Tests\Unit\LoggingServiceTests.cs(36,6): error CS0246: The type or namespace name 'Fact' could not be found (are you missing a using directive or an assembly reference?) [C:\Users\kimri\OneDrive\Desktop\cloned repos\ipdfreely\ipdfreely.csproj::TargetFramework=net10.0-ios]
C:\Users\kimri\OneDrive\Desktop\cloned repos\ipdfreely\ipdfreely.Tests\Unit\PdfServicesTests.cs(52,6): error CS0246: The type or namespace name 'FactAttribute' could not be found (are you missing a using directive or an assembly reference?) [C:\Users\kimri\OneDrive\Desktop\cloned repos\ipdfreely\ipdfreely.csproj::TargetFramework=net10.0-ios]
C:\Users\kimri\OneDrive\Desktop\cloned repos\ipdfreely\ipdfreely.Tests\Unit\PdfServicesTests.cs(52,6): error CS0246: The type or namespace name 'Fact' could not be found (are you missing a using directive or an assembly reference?) [C:\Users\kimri\OneDrive\Desktop\cloned repos\ipdfreely\ipdfreely.csproj::TargetFramework=net10.0-ios]
C:\Users\kimri\OneDrive\Desktop\cloned repos\ipdfreely\ipdfreely.Tests\Unit\LoggingServiceTests.cs(52,6): error CS0246: The type or namespace name 'FactAttribute' could not be found (are you missing a using directive or an assembly reference?) [C:\Users\kimri\OneDrive\Desktop\cloned repos\ipdfreely\ipdfreely.csproj::TargetFramework=net10.0-ios]
C:\Users\kimri\OneDrive\Desktop\cloned repos\ipdfreely\ipdfreely.Tests\Unit\LoggingServiceTests.cs(52,6): error CS0246: The type or namespace name 'Fact' could not be found (are you missing a using directive or an assembly reference?) [C:\Users\kimri\OneDrive\Desktop\cloned repos\ipdfreely\ipdfreely.csproj::TargetFramework=net10.0-ios]
C:\Users\kimri\OneDrive\Desktop\cloned repos\ipdfreely\ipdfreely.Tests\Unit\PdfServicesTests.cs(70,6): error CS0246: The type or namespace name 'FactAttribute' could not be found (are you missing a using directive or an assembly reference?) [C:\Users\kimri\OneDrive\Desktop\cloned repos\ipdfreely\ipdfreely.csproj::TargetFramework=net10.0-ios]
C:\Users\kimri\OneDrive\Desktop\cloned repos\ipdfreely\ipdfreely.Tests\Unit\PdfServicesTests.cs(70,6): error CS0246: The type or namespace name 'Fact' could not be found (are you missing a using directive or an assembly reference?) [C:\Users\kimri\OneDrive\Desktop\cloned repos\ipdfreely\ipdfreely.csproj::TargetFramework=net10.0-ios]
C:\Users\kimri\OneDrive\Desktop\cloned repos\ipdfreely\ipdfreely.Tests\Unit\LoggingServiceTests.cs(67,6): error CS0246: The type or namespace name 'FactAttribute' could not be found (are you missing a using directive or an assembly reference?) [C:\Users\kimri\OneDrive\Desktop\cloned repos\ipdfreely\ipdfreely.csproj::TargetFramework=net10.0-ios]
C:\Users\kimri\OneDrive\Desktop\cloned repos\ipdfreely\ipdfreely.Tests\Unit\LoggingServiceTests.cs(67,6): error CS0246: The type or namespace name 'Fact' could not be found (are you missing a using directive or an assembly reference?) [C:\Users\kimri\OneDrive\Desktop\cloned repos\ipdfreely\ipdfreely.csproj::TargetFramework=net10.0-ios]
C:\Users\kimri\OneDrive\Desktop\cloned repos\ipdfreely\ipdfreely.Tests\Unit\PdfServicesTests.cs(80,6): error CS0246: The type or namespace name 'FactAttribute' could not be found (are you missing a using directive or an assembly reference?) [C:\Users\kimri\OneDrive\Desktop\cloned repos\ipdfreely\ipdfreely.csproj::TargetFramework=net10.0-ios]
C:\Users\kimri\OneDrive\Desktop\cloned repos\ipdfreely\ipdfreely.Tests\Unit\PdfServicesTests.cs(80,6): error CS0246: The type or namespace name 'Fact' could not be found (are you missing a using directive or an assembly reference?) [C:\Users\kimri\OneDrive\Desktop\cloned repos\ipdfreely\ipdfreely.csproj::TargetFramework=net10.0-ios]
C:\Users\kimri\OneDrive\Desktop\cloned repos\ipdfreely\ipdfreely.Tests\Unit\LoggingServiceTests.cs(83,6): error CS0246: The type or namespace name 'FactAttribute' could not be found (are you missing a using directive or an assembly reference?) [C:\Users\kimri\OneDrive\Desktop\cloned repos\ipdfreely\ipdfreely.csproj::TargetFramework=net10.0-ios]
C:\Users\kimri\OneDrive\Desktop\cloned repos\ipdfreely\ipdfreely.Tests\Unit\LoggingServiceTests.cs(83,6): error CS0246: The type or namespace name 'Fact' could not be found (are you missing a using directive or an assembly reference?) [C:\Users\kimri\OneDrive\Desktop\cloned repos\ipdfreely\ipdfreely.csproj::TargetFramework=net10.0-ios]
C:\Users\kimri\OneDrive\Desktop\cloned repos\ipdfreely\ipdfreely.Tests\Unit\PdfServicesTests.cs(93,6): error CS0246: The type or namespace name 'FactAttribute' could not be found (are you missing a using directive or an assembly reference?) [C:\Users\kimri\OneDrive\Desktop\cloned repos\ipdfreely\ipdfreely.csproj::TargetFramework=net10.0-ios]
C:\Users\kimri\OneDrive\Desktop\cloned repos\ipdfreely\ipdfreely.Tests\Unit\PdfServicesTests.cs(93,6): error CS0246: The type or namespace name 'Fact' could not be found (are you missing a using directive or an assembly reference?) [C:\Users\kimri\OneDrive\Desktop\cloned repos\ipdfreely\ipdfreely.csproj::TargetFramework=net10.0-ios]
C:\Users\kimri\OneDrive\Desktop\cloned repos\ipdfreely\ipdfreely.Tests\Unit\LoggingServiceTests.cs(100,6): error CS0246: The type or namespace name 'FactAttribute' could not be found (are you missing a using directive or an assembly reference?) [C:\Users\kimri\OneDrive\Desktop\cloned repos\ipdfreely\ipdfreely.csproj::TargetFramework=net10.0-ios]
C:\Users\kimri\OneDrive\Desktop\cloned repos\ipdfreely\ipdfreely.Tests\Unit\LoggingServiceTests.cs(100,6): error CS0246: The type or namespace name 'Fact' could not be found (are you missing a using directive or an assembly reference?) [C:\Users\kimri\OneDrive\Desktop\cloned repos\ipdfreely\ipdfreely.csproj::TargetFramework=net10.0-ios]
C:\Users\kimri\OneDrive\Desktop\cloned repos\ipdfreely\ipdfreely.Tests\Unit\PdfServicesTests.cs(107,6): error CS0246: The type or namespace name 'FactAttribute' could not be found (are you missing a using directive or an assembly reference?) [C:\Users\kimri\OneDrive\Desktop\cloned repos\ipdfreely\ipdfreely.csproj::TargetFramework=net10.0-ios]
C:\Users\kimri\OneDrive\Desktop\cloned repos\ipdfreely\ipdfreely.Tests\Unit\PdfServicesTests.cs(107,6): error CS0246: The type or namespace name 'Fact' could not be found (are you missing a using directive or an assembly reference?) [C:\Users\kimri\OneDrive\Desktop\cloned repos\ipdfreely\ipdfreely.csproj::TargetFramework=net10.0-ios]
C:\Users\kimri\OneDrive\Desktop\cloned repos\ipdfreely\ipdfreely.Tests\Unit\LoggingServiceTests.cs(115,6): error CS0246: The type or namespace name 'FactAttribute' could not be found (are you missing a using directive or an assembly reference?) [C:\Users\kimri\OneDrive\Desktop\cloned repos\ipdfreely\ipdfreely.csproj::TargetFramework=net10.0-ios]
C:\Users\kimri\OneDrive\Desktop\cloned repos\ipdfreely\ipdfreely.Tests\Unit\LoggingServiceTests.cs(115,6): error CS0246: The type or namespace name 'Fact' could not be found (are you missing a using directive or an assembly reference?) [C:\Users\kimri\OneDrive\Desktop\cloned repos\ipdfreely\ipdfreely.csproj::TargetFramework=net10.0-ios]
C:\Users\kimri\OneDrive\Desktop\cloned repos\ipdfreely\ipdfreely.Tests\Unit\PdfServicesTests.cs(129,6): error CS0246: The type or namespace name 'FactAttribute' could not be found (are you missing a using directive or an assembly reference?) [C:\Users\kimri\OneDrive\Desktop\cloned repos\ipdfreely\ipdfreely.csproj::TargetFramework=net10.0-ios]
C:\Users\kimri\OneDrive\Desktop\cloned repos\ipdfreely\ipdfreely.Tests\Unit\PdfServicesTests.cs(129,6): error CS0246: The type or namespace name 'Fact' could not be found (are you missing a using directive or an assembly reference?) [C:\Users\kimri\OneDrive\Desktop\cloned repos\ipdfreely\ipdfreely.csproj::TargetFramework=net10.0-ios]
C:\Users\kimri\OneDrive\Desktop\cloned repos\ipdfreely\ipdfreely.Tests\Unit\LoggingServiceTests.cs(129,6): error CS0246: The type or namespace name 'FactAttribute' could not be found (are you missing a using directive or an assembly reference?) [C:\Users\kimri\OneDrive\Desktop\cloned repos\ipdfreely\ipdfreely.csproj::TargetFramework=net10.0-ios]
C:\Users\kimri\OneDrive\Desktop\cloned repos\ipdfreely\ipdfreely.Tests\Unit\LoggingServiceTests.cs(129,6): error CS0246: The type or namespace name 'Fact' could not be found (are you missing a using directive or an assembly reference?) [C:\Users\kimri\OneDrive\Desktop\cloned repos\ipdfreely\ipdfreely.csproj::TargetFramework=net10.0-ios]
C:\Users\kimri\OneDrive\Desktop\cloned repos\ipdfreely\ipdfreely.Tests\Unit\PdfServicesTests.cs(151,6): error CS0246: The type or namespace name 'FactAttribute' could not be found (are you missing a using directive or an assembly reference?) [C:\Users\kimri\OneDrive\Desktop\cloned repos\ipdfreely\ipdfreely.csproj::TargetFramework=net10.0-ios]
C:\Users\kimri\OneDrive\Desktop\cloned repos\ipdfreely\ipdfreely.Tests\Unit\PdfServicesTests.cs(151,6): error CS0246: The type or namespace name 'Fact' could not be found (are you missing a using directive or an assembly reference?) [C:\Users\kimri\OneDrive\Desktop\cloned repos\ipdfreely\ipdfreely.csproj::TargetFramework=net10.0-ios]
C:\Users\kimri\OneDrive\Desktop\cloned repos\ipdfreely\ipdfreely.Tests\Unit\LoggingServiceTests.cs(148,6): error CS0246: The type or namespace name 'FactAttribute' could not be found (are you missing a using directive or an assembly reference?) [C:\Users\kimri\OneDrive\Desktop\cloned repos\ipdfreely\ipdfreely.csproj::TargetFramework=net10.0-ios]
C:\Users\kimri\OneDrive\Desktop\cloned repos\ipdfreely\ipdfreely.Tests\Unit\LoggingServiceTests.cs(148,6): error CS0246: The type or namespace name 'Fact' could not be found (are you missing a using directive or an assembly reference?) [C:\Users\kimri\OneDrive\Desktop\cloned repos\ipdfreely\ipdfreely.csproj::TargetFramework=net10.0-ios]
C:\Users\kimri\OneDrive\Desktop\cloned repos\ipdfreely\ipdfreely.Tests\Unit\PdfServicesTests.cs(169,6): error CS0246: The type or namespace name 'FactAttribute' could not be found (are you missing a using directive or an assembly reference?) [C:\Users\kimri\OneDrive\Desktop\cloned repos\ipdfreely\ipdfreely.csproj::TargetFramework=net10.0-ios]
C:\Users\kimri\OneDrive\Desktop\cloned repos\ipdfreely\ipdfreely.Tests\Unit\PdfServicesTests.cs(169,6): error CS0246: The type or namespace name 'Fact' could not be found (are you missing a using directive or an assembly reference?) [C:\Users\kimri\OneDrive\Desktop\cloned repos\ipdfreely\ipdfreely.csproj::TargetFramework=net10.0-ios]
C:\Users\kimri\OneDrive\Desktop\cloned repos\ipdfreely\ipdfreely.Tests\Unit\LoggingServiceTests.cs(166,6): error CS0246: The type or namespace name 'FactAttribute' could not be found (are you missing a using directive or an assembly reference?) [C:\Users\kimri\OneDrive\Desktop\cloned repos\ipdfreely\ipdfreely.csproj::TargetFramework=net10.0-ios]
C:\Users\kimri\OneDrive\Desktop\cloned repos\ipdfreely\ipdfreely.Tests\Unit\LoggingServiceTests.cs(166,6): error CS0246: The type or namespace name 'Fact' could not be found (are you missing a using directive or an assembly reference?) [C:\Users\kimri\OneDrive\Desktop\cloned repos\ipdfreely\ipdfreely.csproj::TargetFramework=net10.0-ios]
C:\Users\kimri\OneDrive\Desktop\cloned repos\ipdfreely\ipdfreely.Tests\Unit\PdfServicesTests.cs(192,6): error CS0246: The type or namespace name 'FactAttribute' could not be found (are you missing a using directive or an assembly reference?) [C:\Users\kimri\OneDrive\Desktop\cloned repos\ipdfreely\ipdfreely.csproj::TargetFramework=net10.0-ios]
C:\Users\kimri\OneDrive\Desktop\cloned repos\ipdfreely\ipdfreely.Tests\Unit\PdfServicesTests.cs(192,6): error CS0246: The type or namespace name 'Fact' could not be found (are you missing a using directive or an assembly reference?) [C:\Users\kimri\OneDrive\Desktop\cloned repos\ipdfreely\ipdfreely.csproj::TargetFramework=net10.0-ios]
C:\Users\kimri\OneDrive\Desktop\cloned repos\ipdfreely\ipdfreely.Tests\Unit\LoggingServiceTests.cs(185,6): error CS0246: The type or namespace name 'FactAttribute' could not be found (are you missing a using directive or an assembly reference?) [C:\Users\kimri\OneDrive\Desktop\cloned repos\ipdfreely\ipdfreely.csproj::TargetFramework=net10.0-ios]
C:\Users\kimri\OneDrive\Desktop\cloned repos\ipdfreely\ipdfreely.Tests\Unit\LoggingServiceTests.cs(185,6): error CS0246: The type or namespace name 'Fact' could not be found (are you missing a using directive or an assembly reference?) [C:\Users\kimri\OneDrive\Desktop\cloned repos\ipdfreely\ipdfreely.csproj::TargetFramework=net10.0-ios]
C:\Users\kimri\OneDrive\Desktop\cloned repos\ipdfreely\ipdfreely.Tests\Unit\PdfServicesTests.cs(211,6): error CS0246: The type or namespace name 'FactAttribute' could not be found (are you missing a using directive or an assembly reference?) [C:\Users\kimri\OneDrive\Desktop\cloned repos\ipdfreely\ipdfreely.csproj::TargetFramework=net10.0-ios]
C:\Users\kimri\OneDrive\Desktop\cloned repos\ipdfreely\ipdfreely.Tests\Unit\PdfServicesTests.cs(211,6): error CS0246: The type or namespace name 'Fact' could not be found (are you missing a using directive or an assembly reference?) [C:\Users\kimri\OneDrive\Desktop\cloned repos\ipdfreely\ipdfreely.csproj::TargetFramework=net10.0-ios]
C:\Users\kimri\OneDrive\Desktop\cloned repos\ipdfreely\ipdfreely.Tests\Unit\LoggingServiceTests.cs(3,7): error CS0246: The type or namespace name 'Xunit' could not be found (are you missing a using directive or an assembly reference?) [C:\Users\kimri\OneDrive\Desktop\cloned repos\ipdfreely\ipdfreely.csproj::TargetFramework=net10.0-maccatalyst]
C:\Users\kimri\OneDrive\Desktop\cloned repos\ipdfreely\ipdfreely.Tests\Unit\LoggingServiceTests.cs(4,7): error CS0246: The type or namespace name 'FluentAssertions' could not be found (are you missing a using directive or an assembly reference?) [C:\Users\kimri\OneDrive\Desktop\cloned repos\ipdfreely\ipdfreely.csproj::TargetFramework=net10.0-maccatalyst]
C:\Users\kimri\OneDrive\Desktop\cloned repos\ipdfreely\ipdfreely.Tests\Unit\PdfServicesTests.cs(4,7): error CS0246: The type or namespace name 'Xunit' could not be found (are you missing a using directive or an assembly reference?) [C:\Users\kimri\OneDrive\Desktop\cloned repos\ipdfreely\ipdfreely.csproj::TargetFramework=net10.0-maccatalyst]
C:\Users\kimri\OneDrive\Desktop\cloned repos\ipdfreely\ipdfreely.Tests\Unit\PdfServicesTests.cs(5,7): error CS0246: The type or namespace name 'FluentAssertions' could not be found (are you missing a using directive or an assembly reference?) [C:\Users\kimri\OneDrive\Desktop\cloned repos\ipdfreely\ipdfreely.csproj::TargetFramework=net10.0-maccatalyst]
C:\Users\kimri\OneDrive\Desktop\cloned repos\ipdfreely\Services\ApplePdfDocument.cs(4,7): error CS0246: The type or namespace name 'PDFKit' could not be found (are you missing a using directive or an assembly reference?) [C:\Users\kimri\OneDrive\Desktop\cloned repos\ipdfreely\ipdfreely.csproj::TargetFramework=net10.0-maccatalyst]
C:\Users\kimri\OneDrive\Desktop\cloned repos\ipdfreely\ipdfreely.Tests\Unit\LoggingServiceTests.cs(11,6): error CS0246: The type or namespace name 'FactAttribute' could not be found (are you missing a using directive or an assembly reference?) [C:\Users\kimri\OneDrive\Desktop\cloned repos\ipdfreely\ipdfreely.csproj::TargetFramework=net10.0-maccatalyst]
C:\Users\kimri\OneDrive\Desktop\cloned repos\ipdfreely\ipdfreely.Tests\Unit\LoggingServiceTests.cs(11,6): error CS0246: The type or namespace name 'Fact' could not be found (are you missing a using directive or an assembly reference?) [C:\Users\kimri\OneDrive\Desktop\cloned repos\ipdfreely\ipdfreely.csproj::TargetFramework=net10.0-maccatalyst]
C:\Users\kimri\OneDrive\Desktop\cloned repos\ipdfreely\ipdfreely.Tests\Unit\LoggingServiceTests.cs(21,6): error CS0246: The type or namespace name 'FactAttribute' could not be found (are you missing a using directive or an assembly reference?) [C:\Users\kimri\OneDrive\Desktop\cloned repos\ipdfreely\ipdfreely.csproj::TargetFramework=net10.0-maccatalyst]
C:\Users\kimri\OneDrive\Desktop\cloned repos\ipdfreely\ipdfreely.Tests\Unit\LoggingServiceTests.cs(21,6): error CS0246: The type or namespace name 'Fact' could not be found (are you missing a using directive or an assembly reference?) [C:\Users\kimri\OneDrive\Desktop\cloned repos\ipdfreely\ipdfreely.csproj::TargetFramework=net10.0-maccatalyst]
C:\Users\kimri\OneDrive\Desktop\cloned repos\ipdfreely\ipdfreely.Tests\Unit\LoggingServiceTests.cs(36,6): error CS0246: The type or namespace name 'FactAttribute' could not be found (are you missing a using directive or an assembly reference?) [C:\Users\kimri\OneDrive\Desktop\cloned repos\ipdfreely\ipdfreely.csproj::TargetFramework=net10.0-maccatalyst]
C:\Users\kimri\OneDrive\Desktop\cloned repos\ipdfreely\ipdfreely.Tests\Unit\LoggingServiceTests.cs(36,6): error CS0246: The type or namespace name 'Fact' could not be found (are you missing a using directive or an assembly reference?) [C:\Users\kimri\OneDrive\Desktop\cloned repos\ipdfreely\ipdfreely.csproj::TargetFramework=net10.0-maccatalyst]
C:\Users\kimri\OneDrive\Desktop\cloned repos\ipdfreely\ipdfreely.Tests\Unit\LoggingServiceTests.cs(52,6): error CS0246: The type or namespace name 'FactAttribute' could not be found (are you missing a using directive or an assembly reference?) [C:\Users\kimri\OneDrive\Desktop\cloned repos\ipdfreely\ipdfreely.csproj::TargetFramework=net10.0-maccatalyst]
C:\Users\kimri\OneDrive\Desktop\cloned repos\ipdfreely\ipdfreely.Tests\Unit\LoggingServiceTests.cs(52,6): error CS0246: The type or namespace name 'Fact' could not be found (are you missing a using directive or an assembly reference?) [C:\Users\kimri\OneDrive\Desktop\cloned repos\ipdfreely\ipdfreely.csproj::TargetFramework=net10.0-maccatalyst]
C:\Users\kimri\OneDrive\Desktop\cloned repos\ipdfreely\ipdfreely.Tests\Unit\LoggingServiceTests.cs(67,6): error CS0246: The type or namespace name 'FactAttribute' could not be found (are you missing a using directive or an assembly reference?) [C:\Users\kimri\OneDrive\Desktop\cloned repos\ipdfreely\ipdfreely.csproj::TargetFramework=net10.0-maccatalyst]
C:\Users\kimri\OneDrive\Desktop\cloned repos\ipdfreely\ipdfreely.Tests\Unit\LoggingServiceTests.cs(67,6): error CS0246: The type or namespace name 'Fact' could not be found (are you missing a using directive or an assembly reference?) [C:\Users\kimri\OneDrive\Desktop\cloned repos\ipdfreely\ipdfreely.csproj::TargetFramework=net10.0-maccatalyst]
C:\Users\kimri\OneDrive\Desktop\cloned repos\ipdfreely\ipdfreely.Tests\Unit\LoggingServiceTests.cs(83,6): error CS0246: The type or namespace name 'FactAttribute' could not be found (are you missing a using directive or an assembly reference?) [C:\Users\kimri\OneDrive\Desktop\cloned repos\ipdfreely\ipdfreely.csproj::TargetFramework=net10.0-maccatalyst]
C:\Users\kimri\OneDrive\Desktop\cloned repos\ipdfreely\ipdfreely.Tests\Unit\LoggingServiceTests.cs(83,6): error CS0246: The type or namespace name 'Fact' could not be found (are you missing a using directive or an assembly reference?) [C:\Users\kimri\OneDrive\Desktop\cloned repos\ipdfreely\ipdfreely.csproj::TargetFramework=net10.0-maccatalyst]
C:\Users\kimri\OneDrive\Desktop\cloned repos\ipdfreely\ipdfreely.Tests\Unit\LoggingServiceTests.cs(100,6): error CS0246: The type or namespace name 'FactAttribute' could not be found (are you missing a using directive or an assembly reference?) [C:\Users\kimri\OneDrive\Desktop\cloned repos\ipdfreely\ipdfreely.csproj::TargetFramework=net10.0-maccatalyst]
C:\Users\kimri\OneDrive\Desktop\cloned repos\ipdfreely\ipdfreely.Tests\Unit\LoggingServiceTests.cs(100,6): error CS0246: The type or namespace name 'Fact' could not be found (are you missing a using directive or an assembly reference?) [C:\Users\kimri\OneDrive\Desktop\cloned repos\ipdfreely\ipdfreely.csproj::TargetFramework=net10.0-maccatalyst]
C:\Users\kimri\OneDrive\Desktop\cloned repos\ipdfreely\ipdfreely.Tests\Unit\LoggingServiceTests.cs(115,6): error CS0246: The type or namespace name 'FactAttribute' could not be found (are you missing a using directive or an assembly reference?) [C:\Users\kimri\OneDrive\Desktop\cloned repos\ipdfreely\ipdfreely.csproj::TargetFramework=net10.0-maccatalyst]
C:\Users\kimri\OneDrive\Desktop\cloned repos\ipdfreely\ipdfreely.Tests\Unit\LoggingServiceTests.cs(115,6): error CS0246: The type or namespace name 'Fact' could not be found (are you missing a using directive or an assembly reference?) [C:\Users\kimri\OneDrive\Desktop\cloned repos\ipdfreely\ipdfreely.csproj::TargetFramework=net10.0-maccatalyst]
C:\Users\kimri\OneDrive\Desktop\cloned repos\ipdfreely\ipdfreely.Tests\Unit\LoggingServiceTests.cs(129,6): error CS0246: The type or namespace name 'FactAttribute' could not be found (are you missing a using directive or an assembly reference?) [C:\Users\kimri\OneDrive\Desktop\cloned repos\ipdfreely\ipdfreely.csproj::TargetFramework=net10.0-maccatalyst]
C:\Users\kimri\OneDrive\Desktop\cloned repos\ipdfreely\ipdfreely.Tests\Unit\LoggingServiceTests.cs(129,6): error CS0246: The type or namespace name 'Fact' could not be found (are you missing a using directive or an assembly reference?) [C:\Users\kimri\OneDrive\Desktop\cloned repos\ipdfreely\ipdfreely.csproj::TargetFramework=net10.0-maccatalyst]
C:\Users\kimri\OneDrive\Desktop\cloned repos\ipdfreely\ipdfreely.Tests\Unit\LoggingServiceTests.cs(148,6): error CS0246: The type or namespace name 'FactAttribute' could not be found (are you missing a using directive or an assembly reference?) [C:\Users\kimri\OneDrive\Desktop\cloned repos\ipdfreely\ipdfreely.csproj::TargetFramework=net10.0-maccatalyst]
C:\Users\kimri\OneDrive\Desktop\cloned repos\ipdfreely\ipdfreely.Tests\Unit\LoggingServiceTests.cs(148,6): error CS0246: The type or namespace name 'Fact' could not be found (are you missing a using directive or an assembly reference?) [C:\Users\kimri\OneDrive\Desktop\cloned repos\ipdfreely\ipdfreely.csproj::TargetFramework=net10.0-maccatalyst]
C:\Users\kimri\OneDrive\Desktop\cloned repos\ipdfreely\ipdfreely.Tests\Unit\LoggingServiceTests.cs(166,6): error CS0246: The type or namespace name 'FactAttribute' could not be found (are you missing a using directive or an assembly reference?) [C:\Users\kimri\OneDrive\Desktop\cloned repos\ipdfreely\ipdfreely.csproj::TargetFramework=net10.0-maccatalyst]
C:\Users\kimri\OneDrive\Desktop\cloned repos\ipdfreely\ipdfreely.Tests\Unit\LoggingServiceTests.cs(166,6): error CS0246: The type or namespace name 'Fact' could not be found (are you missing a using directive or an assembly reference?) [C:\Users\kimri\OneDrive\Desktop\cloned repos\ipdfreely\ipdfreely.csproj::TargetFramework=net10.0-maccatalyst]
C:\Users\kimri\OneDrive\Desktop\cloned repos\ipdfreely\ipdfreely.Tests\Unit\LoggingServiceTests.cs(185,6): error CS0246: The type or namespace name 'FactAttribute' could not be found (are you missing a using directive or an assembly reference?) [C:\Users\kimri\OneDrive\Desktop\cloned repos\ipdfreely\ipdfreely.csproj::TargetFramework=net10.0-maccatalyst]
C:\Users\kimri\OneDrive\Desktop\cloned repos\ipdfreely\ipdfreely.Tests\Unit\LoggingServiceTests.cs(185,6): error CS0246: The type or namespace name 'Fact' could not be found (are you missing a using directive or an assembly reference?) [C:\Users\kimri\OneDrive\Desktop\cloned repos\ipdfreely\ipdfreely.csproj::TargetFramework=net10.0-maccatalyst]
C:\Users\kimri\OneDrive\Desktop\cloned repos\ipdfreely\ipdfreely.Tests\Unit\PdfServicesTests.cs(12,6): error CS0246: The type or namespace name 'FactAttribute' could not be found (are you missing a using directive or an assembly reference?) [C:\Users\kimri\OneDrive\Desktop\cloned repos\ipdfreely\ipdfreely.csproj::TargetFramework=net10.0-maccatalyst]
C:\Users\kimri\OneDrive\Desktop\cloned repos\ipdfreely\ipdfreely.Tests\Unit\PdfServicesTests.cs(12,6): error CS0246: The type or namespace name 'Fact' could not be found (are you missing a using directive or an assembly reference?) [C:\Users\kimri\OneDrive\Desktop\cloned repos\ipdfreely\ipdfreely.csproj::TargetFramework=net10.0-maccatalyst]
C:\Users\kimri\OneDrive\Desktop\cloned repos\ipdfreely\ipdfreely.Tests\Unit\PdfServicesTests.cs(22,6): error CS0246: The type or namespace name 'FactAttribute' could not be found (are you missing a using directive or an assembly reference?) [C:\Users\kimri\OneDrive\Desktop\cloned repos\ipdfreely\ipdfreely.csproj::TargetFramework=net10.0-maccatalyst]
C:\Users\kimri\OneDrive\Desktop\cloned repos\ipdfreely\ipdfreely.Tests\Unit\PdfServicesTests.cs(22,6): error CS0246: The type or namespace name 'Fact' could not be found (are you missing a using directive or an assembly reference?) [C:\Users\kimri\OneDrive\Desktop\cloned repos\ipdfreely\ipdfreely.csproj::TargetFramework=net10.0-maccatalyst]
C:\Users\kimri\OneDrive\Desktop\cloned repos\ipdfreely\ipdfreely.Tests\Unit\PdfServicesTests.cs(35,6): error CS0246: The type or namespace name 'FactAttribute' could not be found (are you missing a using directive or an assembly reference?) [C:\Users\kimri\OneDrive\Desktop\cloned repos\ipdfreely\ipdfreely.csproj::TargetFramework=net10.0-maccatalyst]
C:\Users\kimri\OneDrive\Desktop\cloned repos\ipdfreely\ipdfreely.Tests\Unit\PdfServicesTests.cs(35,6): error CS0246: The type or namespace name 'Fact' could not be found (are you missing a using directive or an assembly reference?) [C:\Users\kimri\OneDrive\Desktop\cloned repos\ipdfreely\ipdfreely.csproj::TargetFramework=net10.0-maccatalyst]
C:\Users\kimri\OneDrive\Desktop\cloned repos\ipdfreely\ipdfreely.Tests\Unit\PdfServicesTests.cs(52,6): error CS0246: The type or namespace name 'FactAttribute' could not be found (are you missing a using directive or an assembly reference?) [C:\Users\kimri\OneDrive\Desktop\cloned repos\ipdfreely\ipdfreely.csproj::TargetFramework=net10.0-maccatalyst]
C:\Users\kimri\OneDrive\Desktop\cloned repos\ipdfreely\ipdfreely.Tests\Unit\PdfServicesTests.cs(52,6): error CS0246: The type or namespace name 'Fact' could not be found (are you missing a using directive or an assembly reference?) [C:\Users\kimri\OneDrive\Desktop\cloned repos\ipdfreely\ipdfreely.csproj::TargetFramework=net10.0-maccatalyst]
C:\Users\kimri\OneDrive\Desktop\cloned repos\ipdfreely\ipdfreely.Tests\Unit\PdfServicesTests.cs(70,6): error CS0246: The type or namespace name 'FactAttribute' could not be found (are you missing a using directive or an assembly reference?) [C:\Users\kimri\OneDrive\Desktop\cloned repos\ipdfreely\ipdfreely.csproj::TargetFramework=net10.0-maccatalyst]
C:\Users\kimri\OneDrive\Desktop\cloned repos\ipdfreely\ipdfreely.Tests\Unit\PdfServicesTests.cs(70,6): error CS0246: The type or namespace name 'Fact' could not be found (are you missing a using directive or an assembly reference?) [C:\Users\kimri\OneDrive\Desktop\cloned repos\ipdfreely\ipdfreely.csproj::TargetFramework=net10.0-maccatalyst]
C:\Users\kimri\OneDrive\Desktop\cloned repos\ipdfreely\ipdfreely.Tests\Unit\PdfServicesTests.cs(80,6): error CS0246: The type or namespace name 'FactAttribute' could not be found (are you missing a using directive or an assembly reference?) [C:\Users\kimri\OneDrive\Desktop\cloned repos\ipdfreely\ipdfreely.csproj::TargetFramework=net10.0-maccatalyst]
C:\Users\kimri\OneDrive\Desktop\cloned repos\ipdfreely\ipdfreely.Tests\Unit\PdfServicesTests.cs(80,6): error CS0246: The type or namespace name 'Fact' could not be found (are you missing a using directive or an assembly reference?) [C:\Users\kimri\OneDrive\Desktop\cloned repos\ipdfreely\ipdfreely.csproj::TargetFramework=net10.0-maccatalyst]
C:\Users\kimri\OneDrive\Desktop\cloned repos\ipdfreely\ipdfreely.Tests\Unit\PdfServicesTests.cs(93,6): error CS0246: The type or namespace name 'FactAttribute' could not be found (are you missing a using directive or an assembly reference?) [C:\Users\kimri\OneDrive\Desktop\cloned repos\ipdfreely\ipdfreely.csproj::TargetFramework=net10.0-maccatalyst]
C:\Users\kimri\OneDrive\Desktop\cloned repos\ipdfreely\ipdfreely.Tests\Unit\PdfServicesTests.cs(93,6): error CS0246: The type or namespace name 'Fact' could not be found (are you missing a using directive or an assembly reference?) [C:\Users\kimri\OneDrive\Desktop\cloned repos\ipdfreely\ipdfreely.csproj::TargetFramework=net10.0-maccatalyst]
C:\Users\kimri\OneDrive\Desktop\cloned repos\ipdfreely\ipdfreely.Tests\Unit\PdfServicesTests.cs(107,6): error CS0246: The type or namespace name 'FactAttribute' could not be found (are you missing a using directive or an assembly reference?) [C:\Users\kimri\OneDrive\Desktop\cloned repos\ipdfreely\ipdfreely.csproj::TargetFramework=net10.0-maccatalyst]
C:\Users\kimri\OneDrive\Desktop\cloned repos\ipdfreely\ipdfreely.Tests\Unit\PdfServicesTests.cs(107,6): error CS0246: The type or namespace name 'Fact' could not be found (are you missing a using directive or an assembly reference?) [C:\Users\kimri\OneDrive\Desktop\cloned repos\ipdfreely\ipdfreely.csproj::TargetFramework=net10.0-maccatalyst]
C:\Users\kimri\OneDrive\Desktop\cloned repos\ipdfreely\ipdfreely.Tests\Unit\PdfServicesTests.cs(129,6): error CS0246: The type or namespace name 'FactAttribute' could not be found (are you missing a using directive or an assembly reference?) [C:\Users\kimri\OneDrive\Desktop\cloned repos\ipdfreely\ipdfreely.csproj::TargetFramework=net10.0-maccatalyst]
C:\Users\kimri\OneDrive\Desktop\cloned repos\ipdfreely\ipdfreely.Tests\Unit\PdfServicesTests.cs(129,6): error CS0246: The type or namespace name 'Fact' could not be found (are you missing a using directive or an assembly reference?) [C:\Users\kimri\OneDrive\Desktop\cloned repos\ipdfreely\ipdfreely.csproj::TargetFramework=net10.0-maccatalyst]
C:\Users\kimri\OneDrive\Desktop\cloned repos\ipdfreely\ipdfreely.Tests\Unit\PdfServicesTests.cs(151,6): error CS0246: The type or namespace name 'FactAttribute' could not be found (are you missing a using directive or an assembly reference?) [C:\Users\kimri\OneDrive\Desktop\cloned repos\ipdfreely\ipdfreely.csproj::TargetFramework=net10.0-maccatalyst]
C:\Users\kimri\OneDrive\Desktop\cloned repos\ipdfreely\ipdfreely.Tests\Unit\PdfServicesTests.cs(151,6): error CS0246: The type or namespace name 'Fact' could not be found (are you missing a using directive or an assembly reference?) [C:\Users\kimri\OneDrive\Desktop\cloned repos\ipdfreely\ipdfreely.csproj::TargetFramework=net10.0-maccatalyst]
C:\Users\kimri\OneDrive\Desktop\cloned repos\ipdfreely\ipdfreely.Tests\Unit\PdfServicesTests.cs(169,6): error CS0246: The type or namespace name 'FactAttribute' could not be found (are you missing a using directive or an assembly reference?) [C:\Users\kimri\OneDrive\Desktop\cloned repos\ipdfreely\ipdfreely.csproj::TargetFramework=net10.0-maccatalyst]
C:\Users\kimri\OneDrive\Desktop\cloned repos\ipdfreely\ipdfreely.Tests\Unit\PdfServicesTests.cs(169,6): error CS0246: The type or namespace name 'Fact' could not be found (are you missing a using directive or an assembly reference?) [C:\Users\kimri\OneDrive\Desktop\cloned repos\ipdfreely\ipdfreely.csproj::TargetFramework=net10.0-maccatalyst]
C:\Users\kimri\OneDrive\Desktop\cloned repos\ipdfreely\ipdfreely.Tests\Unit\PdfServicesTests.cs(192,6): error CS0246: The type or namespace name 'FactAttribute' could not be found (are you missing a using directive or an assembly reference?) [C:\Users\kimri\OneDrive\Desktop\cloned repos\ipdfreely\ipdfreely.csproj::TargetFramework=net10.0-maccatalyst]
C:\Users\kimri\OneDrive\Desktop\cloned repos\ipdfreely\ipdfreely.Tests\Unit\PdfServicesTests.cs(192,6): error CS0246: The type or namespace name 'Fact' could not be found (are you missing a using directive or an assembly reference?) [C:\Users\kimri\OneDrive\Desktop\cloned repos\ipdfreely\ipdfreely.csproj::TargetFramework=net10.0-maccatalyst]
C:\Users\kimri\OneDrive\Desktop\cloned repos\ipdfreely\ipdfreely.Tests\Unit\PdfServicesTests.cs(211,6): error CS0246: The type or namespace name 'FactAttribute' could not be found (are you missing a using directive or an assembly reference?) [C:\Users\kimri\OneDrive\Desktop\cloned repos\ipdfreely\ipdfreely.csproj::TargetFramework=net10.0-maccatalyst]
C:\Users\kimri\OneDrive\Desktop\cloned repos\ipdfreely\ipdfreely.Tests\Unit\PdfServicesTests.cs(211,6): error CS0246: The type or namespace name 'Fact' could not be found (are you missing a using directive or an assembly reference?) [C:\Users\kimri\OneDrive\Desktop\cloned repos\ipdfreely\ipdfreely.csproj::TargetFramework=net10.0-maccatalyst]
C:\Users\kimri\OneDrive\Desktop\cloned repos\ipdfreely\Services\ApplePdfDocument.cs(37,22): error CS0246: The type or namespace name 'PdfDocument' could not be found (are you missing a using directive or an assembly reference?) [C:\Users\kimri\OneDrive\Desktop\cloned repos\ipdfreely\ipdfreely.csproj::TargetFramework=net10.0-maccatalyst]
C:\Users\kimri\OneDrive\Desktop\cloned repos\ipdfreely\Services\ApplePdfDocument.cs(40,29): error CS0246: The type or namespace name 'PdfDocument' could not be found (are you missing a using directive or an assembly reference?) [C:\Users\kimri\OneDrive\Desktop\cloned repos\ipdfreely\ipdfreely.csproj::TargetFramework=net10.0-maccatalyst]
C:\Users\kimri\OneDrive\Desktop\cloned repos\ipdfreely\ipdfreely.Tests\Unit\LoggingServiceTests.cs(3,7): error CS0246: The type or namespace name 'Xunit' could not be found (are you missing a using directive or an assembly reference?) [C:\Users\kimri\OneDrive\Desktop\cloned repos\ipdfreely\ipdfreely.csproj::TargetFramework=net10.0-android]
C:\Users\kimri\OneDrive\Desktop\cloned repos\ipdfreely\ipdfreely.Tests\Unit\LoggingServiceTests.cs(4,7): error CS0246: The type or namespace name 'FluentAssertions' could not be found (are you missing a using directive or an assembly reference?) [C:\Users\kimri\OneDrive\Desktop\cloned repos\ipdfreely\ipdfreely.csproj::TargetFramework=net10.0-android]
C:\Users\kimri\OneDrive\Desktop\cloned repos\ipdfreely\ipdfreely.Tests\Unit\PdfServicesTests.cs(4,7): error CS0246: The type or namespace name 'Xunit' could not be found (are you missing a using directive or an assembly reference?) [C:\Users\kimri\OneDrive\Desktop\cloned repos\ipdfreely\ipdfreely.csproj::TargetFramework=net10.0-android]
C:\Users\kimri\OneDrive\Desktop\cloned repos\ipdfreely\ipdfreely.Tests\Unit\PdfServicesTests.cs(5,7): error CS0246: The type or namespace name 'FluentAssertions' could not be found (are you missing a using directive or an assembly reference?) [C:\Users\kimri\OneDrive\Desktop\cloned repos\ipdfreely\ipdfreely.csproj::TargetFramework=net10.0-android]
C:\Users\kimri\OneDrive\Desktop\cloned repos\ipdfreely\ipdfreely.Tests\Unit\PdfServicesTests.cs(12,6): error CS0246: The type or namespace name 'FactAttribute' could not be found (are you missing a using directive or an assembly reference?) [C:\Users\kimri\OneDrive\Desktop\cloned repos\ipdfreely\ipdfreely.csproj::TargetFramework=net10.0-android]
C:\Users\kimri\OneDrive\Desktop\cloned repos\ipdfreely\ipdfreely.Tests\Unit\PdfServicesTests.cs(12,6): error CS0246: The type or namespace name 'Fact' could not be found (are you missing a using directive or an assembly reference?) [C:\Users\kimri\OneDrive\Desktop\cloned repos\ipdfreely\ipdfreely.csproj::TargetFramework=net10.0-android]
C:\Users\kimri\OneDrive\Desktop\cloned repos\ipdfreely\ipdfreely.Tests\Unit\LoggingServiceTests.cs(11,6): error CS0246: The type or namespace name 'FactAttribute' could not be found (are you missing a using directive or an assembly reference?) [C:\Users\kimri\OneDrive\Desktop\cloned repos\ipdfreely\ipdfreely.csproj::TargetFramework=net10.0-android]
C:\Users\kimri\OneDrive\Desktop\cloned repos\ipdfreely\ipdfreely.Tests\Unit\LoggingServiceTests.cs(11,6): error CS0246: The type or namespace name 'Fact' could not be found (are you missing a using directive or an assembly reference?) [C:\Users\kimri\OneDrive\Desktop\cloned repos\ipdfreely\ipdfreely.csproj::TargetFramework=net10.0-android]
C:\Users\kimri\OneDrive\Desktop\cloned repos\ipdfreely\ipdfreely.Tests\Unit\PdfServicesTests.cs(22,6): error CS0246: The type or namespace name 'FactAttribute' could not be found (are you missing a using directive or an assembly reference?) [C:\Users\kimri\OneDrive\Desktop\cloned repos\ipdfreely\ipdfreely.csproj::TargetFramework=net10.0-android]
C:\Users\kimri\OneDrive\Desktop\cloned repos\ipdfreely\ipdfreely.Tests\Unit\PdfServicesTests.cs(22,6): error CS0246: The type or namespace name 'Fact' could not be found (are you missing a using directive or an assembly reference?) [C:\Users\kimri\OneDrive\Desktop\cloned repos\ipdfreely\ipdfreely.csproj::TargetFramework=net10.0-android]
C:\Users\kimri\OneDrive\Desktop\cloned repos\ipdfreely\ipdfreely.Tests\Unit\LoggingServiceTests.cs(21,6): error CS0246: The type or namespace name 'FactAttribute' could not be found (are you missing a using directive or an assembly reference?) [C:\Users\kimri\OneDrive\Desktop\cloned repos\ipdfreely\ipdfreely.csproj::TargetFramework=net10.0-android]
C:\Users\kimri\OneDrive\Desktop\cloned repos\ipdfreely\ipdfreely.Tests\Unit\LoggingServiceTests.cs(21,6): error CS0246: The type or namespace name 'Fact' could not be found (are you missing a using directive or an assembly reference?) [C:\Users\kimri\OneDrive\Desktop\cloned repos\ipdfreely\ipdfreely.csproj::TargetFramework=net10.0-android]
C:\Users\kimri\OneDrive\Desktop\cloned repos\ipdfreely\ipdfreely.Tests\Unit\PdfServicesTests.cs(35,6): error CS0246: The type or namespace name 'FactAttribute' could not be found (are you missing a using directive or an assembly reference?) [C:\Users\kimri\OneDrive\Desktop\cloned repos\ipdfreely\ipdfreely.csproj::TargetFramework=net10.0-android]
C:\Users\kimri\OneDrive\Desktop\cloned repos\ipdfreely\ipdfreely.Tests\Unit\PdfServicesTests.cs(35,6): error CS0246: The type or namespace name 'Fact' could not be found (are you missing a using directive or an assembly reference?) [C:\Users\kimri\OneDrive\Desktop\cloned repos\ipdfreely\ipdfreely.csproj::TargetFramework=net10.0-android]
C:\Users\kimri\OneDrive\Desktop\cloned repos\ipdfreely\ipdfreely.Tests\Unit\LoggingServiceTests.cs(36,6): error CS0246: The type or namespace name 'FactAttribute' could not be found (are you missing a using directive or an assembly reference?) [C:\Users\kimri\OneDrive\Desktop\cloned repos\ipdfreely\ipdfreely.csproj::TargetFramework=net10.0-android]
C:\Users\kimri\OneDrive\Desktop\cloned repos\ipdfreely\ipdfreely.Tests\Unit\LoggingServiceTests.cs(36,6): error CS0246: The type or namespace name 'Fact' could not be found (are you missing a using directive or an assembly reference?) [C:\Users\kimri\OneDrive\Desktop\cloned repos\ipdfreely\ipdfreely.csproj::TargetFramework=net10.0-android]
C:\Users\kimri\OneDrive\Desktop\cloned repos\ipdfreely\ipdfreely.Tests\Unit\PdfServicesTests.cs(52,6): error CS0246: The type or namespace name 'FactAttribute' could not be found (are you missing a using directive or an assembly reference?) [C:\Users\kimri\OneDrive\Desktop\cloned repos\ipdfreely\ipdfreely.csproj::TargetFramework=net10.0-android]
C:\Users\kimri\OneDrive\Desktop\cloned repos\ipdfreely\ipdfreely.Tests\Unit\PdfServicesTests.cs(52,6): error CS0246: The type or namespace name 'Fact' could not be found (are you missing a using directive or an assembly reference?) [C:\Users\kimri\OneDrive\Desktop\cloned repos\ipdfreely\ipdfreely.csproj::TargetFramework=net10.0-android]
C:\Users\kimri\OneDrive\Desktop\cloned repos\ipdfreely\ipdfreely.Tests\Unit\LoggingServiceTests.cs(52,6): error CS0246: The type or namespace name 'FactAttribute' could not be found (are you missing a using directive or an assembly reference?) [C:\Users\kimri\OneDrive\Desktop\cloned repos\ipdfreely\ipdfreely.csproj::TargetFramework=net10.0-android]
C:\Users\kimri\OneDrive\Desktop\cloned repos\ipdfreely\ipdfreely.Tests\Unit\LoggingServiceTests.cs(52,6): error CS0246: The type or namespace name 'Fact' could not be found (are you missing a using directive or an assembly reference?) [C:\Users\kimri\OneDrive\Desktop\cloned repos\ipdfreely\ipdfreely.csproj::TargetFramework=net10.0-android]
C:\Users\kimri\OneDrive\Desktop\cloned repos\ipdfreely\ipdfreely.Tests\Unit\PdfServicesTests.cs(70,6): error CS0246: The type or namespace name 'FactAttribute' could not be found (are you missing a using directive or an assembly reference?) [C:\Users\kimri\OneDrive\Desktop\cloned repos\ipdfreely\ipdfreely.csproj::TargetFramework=net10.0-android]
C:\Users\kimri\OneDrive\Desktop\cloned repos\ipdfreely\ipdfreely.Tests\Unit\PdfServicesTests.cs(70,6): error CS0246: The type or namespace name 'Fact' could not be found (are you missing a using directive or an assembly reference?) [C:\Users\kimri\OneDrive\Desktop\cloned repos\ipdfreely\ipdfreely.csproj::TargetFramework=net10.0-android]
C:\Users\kimri\OneDrive\Desktop\cloned repos\ipdfreely\ipdfreely.Tests\Unit\LoggingServiceTests.cs(67,6): error CS0246: The type or namespace name 'FactAttribute' could not be found (are you missing a using directive or an assembly reference?) [C:\Users\kimri\OneDrive\Desktop\cloned repos\ipdfreely\ipdfreely.csproj::TargetFramework=net10.0-android]
C:\Users\kimri\OneDrive\Desktop\cloned repos\ipdfreely\ipdfreely.Tests\Unit\LoggingServiceTests.cs(67,6): error CS0246: The type or namespace name 'Fact' could not be found (are you missing a using directive or an assembly reference?) [C:\Users\kimri\OneDrive\Desktop\cloned repos\ipdfreely\ipdfreely.csproj::TargetFramework=net10.0-android]
C:\Users\kimri\OneDrive\Desktop\cloned repos\ipdfreely\ipdfreely.Tests\Unit\PdfServicesTests.cs(80,6): error CS0246: The type or namespace name 'FactAttribute' could not be found (are you missing a using directive or an assembly reference?) [C:\Users\kimri\OneDrive\Desktop\cloned repos\ipdfreely\ipdfreely.csproj::TargetFramework=net10.0-android]
C:\Users\kimri\OneDrive\Desktop\cloned repos\ipdfreely\ipdfreely.Tests\Unit\PdfServicesTests.cs(80,6): error CS0246: The type or namespace name 'Fact' could not be found (are you missing a using directive or an assembly reference?) [C:\Users\kimri\OneDrive\Desktop\cloned repos\ipdfreely\ipdfreely.csproj::TargetFramework=net10.0-android]
C:\Users\kimri\OneDrive\Desktop\cloned repos\ipdfreely\ipdfreely.Tests\Unit\LoggingServiceTests.cs(83,6): error CS0246: The type or namespace name 'FactAttribute' could not be found (are you missing a using directive or an assembly reference?) [C:\Users\kimri\OneDrive\Desktop\cloned repos\ipdfreely\ipdfreely.csproj::TargetFramework=net10.0-android]
C:\Users\kimri\OneDrive\Desktop\cloned repos\ipdfreely\ipdfreely.Tests\Unit\LoggingServiceTests.cs(83,6): error CS0246: The type or namespace name 'Fact' could not be found (are you missing a using directive or an assembly reference?) [C:\Users\kimri\OneDrive\Desktop\cloned repos\ipdfreely\ipdfreely.csproj::TargetFramework=net10.0-android]
C:\Users\kimri\OneDrive\Desktop\cloned repos\ipdfreely\ipdfreely.Tests\Unit\PdfServicesTests.cs(93,6): error CS0246: The type or namespace name 'FactAttribute' could not be found (are you missing a using directive or an assembly reference?) [C:\Users\kimri\OneDrive\Desktop\cloned repos\ipdfreely\ipdfreely.csproj::TargetFramework=net10.0-android]
C:\Users\kimri\OneDrive\Desktop\cloned repos\ipdfreely\ipdfreely.Tests\Unit\PdfServicesTests.cs(93,6): error CS0246: The type or namespace name 'Fact' could not be found (are you missing a using directive or an assembly reference?) [C:\Users\kimri\OneDrive\Desktop\cloned repos\ipdfreely\ipdfreely.csproj::TargetFramework=net10.0-android]
C:\Users\kimri\OneDrive\Desktop\cloned repos\ipdfreely\ipdfreely.Tests\Unit\LoggingServiceTests.cs(100,6): error CS0246: The type or namespace name 'FactAttribute' could not be found (are you missing a using directive or an assembly reference?) [C:\Users\kimri\OneDrive\Desktop\cloned repos\ipdfreely\ipdfreely.csproj::TargetFramework=net10.0-android]
C:\Users\kimri\OneDrive\Desktop\cloned repos\ipdfreely\ipdfreely.Tests\Unit\LoggingServiceTests.cs(100,6): error CS0246: The type or namespace name 'Fact' could not be found (are you missing a using directive or an assembly reference?) [C:\Users\kimri\OneDrive\Desktop\cloned repos\ipdfreely\ipdfreely.csproj::TargetFramework=net10.0-android]
C:\Users\kimri\OneDrive\Desktop\cloned repos\ipdfreely\ipdfreely.Tests\Unit\PdfServicesTests.cs(107,6): error CS0246: The type or namespace name 'FactAttribute' could not be found (are you missing a using directive or an assembly reference?) [C:\Users\kimri\OneDrive\Desktop\cloned repos\ipdfreely\ipdfreely.csproj::TargetFramework=net10.0-android]
C:\Users\kimri\OneDrive\Desktop\cloned repos\ipdfreely\ipdfreely.Tests\Unit\PdfServicesTests.cs(107,6): error CS0246: The type or namespace name 'Fact' could not be found (are you missing a using directive or an assembly reference?) [C:\Users\kimri\OneDrive\Desktop\cloned repos\ipdfreely\ipdfreely.csproj::TargetFramework=net10.0-android]
C:\Users\kimri\OneDrive\Desktop\cloned repos\ipdfreely\ipdfreely.Tests\Unit\PdfServicesTests.cs(129,6): error CS0246: The type or namespace name 'FactAttribute' could not be found (are you missing a using directive or an assembly reference?) [C:\Users\kimri\OneDrive\Desktop\cloned repos\ipdfreely\ipdfreely.csproj::TargetFramework=net10.0-android]
C:\Users\kimri\OneDrive\Desktop\cloned repos\ipdfreely\ipdfreely.Tests\Unit\PdfServicesTests.cs(129,6): error CS0246: The type or namespace name 'Fact' could not be found (are you missing a using directive or an assembly reference?) [C:\Users\kimri\OneDrive\Desktop\cloned repos\ipdfreely\ipdfreely.csproj::TargetFramework=net10.0-android]
C:\Users\kimri\OneDrive\Desktop\cloned repos\ipdfreely\ipdfreely.Tests\Unit\LoggingServiceTests.cs(115,6): error CS0246: The type or namespace name 'FactAttribute' could not be found (are you missing a using directive or an assembly reference?) [C:\Users\kimri\OneDrive\Desktop\cloned repos\ipdfreely\ipdfreely.csproj::TargetFramework=net10.0-android]
C:\Users\kimri\OneDrive\Desktop\cloned repos\ipdfreely\ipdfreely.Tests\Unit\LoggingServiceTests.cs(115,6): error CS0246: The type or namespace name 'Fact' could not be found (are you missing a using directive or an assembly reference?) [C:\Users\kimri\OneDrive\Desktop\cloned repos\ipdfreely\ipdfreely.csproj::TargetFramework=net10.0-android]
C:\Users\kimri\OneDrive\Desktop\cloned repos\ipdfreely\ipdfreely.Tests\Unit\PdfServicesTests.cs(151,6): error CS0246: The type or namespace name 'FactAttribute' could not be found (are you missing a using directive or an assembly reference?) [C:\Users\kimri\OneDrive\Desktop\cloned repos\ipdfreely\ipdfreely.csproj::TargetFramework=net10.0-android]
C:\Users\kimri\OneDrive\Desktop\cloned repos\ipdfreely\ipdfreely.Tests\Unit\PdfServicesTests.cs(151,6): error CS0246: The type or namespace name 'Fact' could not be found (are you missing a using directive or an assembly reference?) [C:\Users\kimri\OneDrive\Desktop\cloned repos\ipdfreely\ipdfreely.csproj::TargetFramework=net10.0-android]
C:\Users\kimri\OneDrive\Desktop\cloned repos\ipdfreely\ipdfreely.Tests\Unit\LoggingServiceTests.cs(129,6): error CS0246: The type or namespace name 'FactAttribute' could not be found (are you missing a using directive or an assembly reference?) [C:\Users\kimri\OneDrive\Desktop\cloned repos\ipdfreely\ipdfreely.csproj::TargetFramework=net10.0-android]
C:\Users\kimri\OneDrive\Desktop\cloned repos\ipdfreely\ipdfreely.Tests\Unit\LoggingServiceTests.cs(129,6): error CS0246: The type or namespace name 'Fact' could not be found (are you missing a using directive or an assembly reference?) [C:\Users\kimri\OneDrive\Desktop\cloned repos\ipdfreely\ipdfreely.csproj::TargetFramework=net10.0-android]
C:\Users\kimri\OneDrive\Desktop\cloned repos\ipdfreely\ipdfreely.Tests\Unit\PdfServicesTests.cs(169,6): error CS0246: The type or namespace name 'FactAttribute' could not be found (are you missing a using directive or an assembly reference?) [C:\Users\kimri\OneDrive\Desktop\cloned repos\ipdfreely\ipdfreely.csproj::TargetFramework=net10.0-android]
C:\Users\kimri\OneDrive\Desktop\cloned repos\ipdfreely\ipdfreely.Tests\Unit\PdfServicesTests.cs(169,6): error CS0246: The type or namespace name 'Fact' could not be found (are you missing a using directive or an assembly reference?) [C:\Users\kimri\OneDrive\Desktop\cloned repos\ipdfreely\ipdfreely.csproj::TargetFramework=net10.0-android]
C:\Users\kimri\OneDrive\Desktop\cloned repos\ipdfreely\ipdfreely.Tests\Unit\LoggingServiceTests.cs(148,6): error CS0246: The type or namespace name 'FactAttribute' could not be found (are you missing a using directive or an assembly reference?) [C:\Users\kimri\OneDrive\Desktop\cloned repos\ipdfreely\ipdfreely.csproj::TargetFramework=net10.0-android]
C:\Users\kimri\OneDrive\Desktop\cloned repos\ipdfreely\ipdfreely.Tests\Unit\LoggingServiceTests.cs(148,6): error CS0246: The type or namespace name 'Fact' could not be found (are you missing a using directive or an assembly reference?) [C:\Users\kimri\OneDrive\Desktop\cloned repos\ipdfreely\ipdfreely.csproj::TargetFramework=net10.0-android]
C:\Users\kimri\OneDrive\Desktop\cloned repos\ipdfreely\ipdfreely.Tests\Unit\PdfServicesTests.cs(192,6): error CS0246: The type or namespace name 'FactAttribute' could not be found (are you missing a using directive or an assembly reference?) [C:\Users\kimri\OneDrive\Desktop\cloned repos\ipdfreely\ipdfreely.csproj::TargetFramework=net10.0-android]
C:\Users\kimri\OneDrive\Desktop\cloned repos\ipdfreely\ipdfreely.Tests\Unit\PdfServicesTests.cs(192,6): error CS0246: The type or namespace name 'Fact' could not be found (are you missing a using directive or an assembly reference?) [C:\Users\kimri\OneDrive\Desktop\cloned repos\ipdfreely\ipdfreely.csproj::TargetFramework=net10.0-android]
C:\Users\kimri\OneDrive\Desktop\cloned repos\ipdfreely\ipdfreely.Tests\Unit\LoggingServiceTests.cs(166,6): error CS0246: The type or namespace name 'FactAttribute' could not be found (are you missing a using directive or an assembly reference?) [C:\Users\kimri\OneDrive\Desktop\cloned repos\ipdfreely\ipdfreely.csproj::TargetFramework=net10.0-android]
C:\Users\kimri\OneDrive\Desktop\cloned repos\ipdfreely\ipdfreely.Tests\Unit\LoggingServiceTests.cs(166,6): error CS0246: The type or namespace name 'Fact' could not be found (are you missing a using directive or an assembly reference?) [C:\Users\kimri\OneDrive\Desktop\cloned repos\ipdfreely\ipdfreely.csproj::TargetFramework=net10.0-android]
C:\Users\kimri\OneDrive\Desktop\cloned repos\ipdfreely\ipdfreely.Tests\Unit\PdfServicesTests.cs(211,6): error CS0246: The type or namespace name 'FactAttribute' could not be found (are you missing a using directive or an assembly reference?) [C:\Users\kimri\OneDrive\Desktop\cloned repos\ipdfreely\ipdfreely.csproj::TargetFramework=net10.0-android]
C:\Users\kimri\OneDrive\Desktop\cloned repos\ipdfreely\ipdfreely.Tests\Unit\PdfServicesTests.cs(211,6): error CS0246: The type or namespace name 'Fact' could not be found (are you missing a using directive or an assembly reference?) [C:\Users\kimri\OneDrive\Desktop\cloned repos\ipdfreely\ipdfreely.csproj::TargetFramework=net10.0-android]
C:\Users\kimri\OneDrive\Desktop\cloned repos\ipdfreely\ipdfreely.Tests\Unit\LoggingServiceTests.cs(185,6): error CS0246: The type or namespace name 'FactAttribute' could not be found (are you missing a using directive or an assembly reference?) [C:\Users\kimri\OneDrive\Desktop\cloned repos\ipdfreely\ipdfreely.csproj::TargetFramework=net10.0-android]
C:\Users\kimri\OneDrive\Desktop\cloned repos\ipdfreely\ipdfreely.Tests\Unit\LoggingServiceTests.cs(185,6): error CS0246: The type or namespace name 'Fact' could not be found (are you missing a using directive or an assembly reference?) [C:\Users\kimri\OneDrive\Desktop\cloned repos\ipdfreely\ipdfreely.csproj::TargetFramework=net10.0-android]
C:\Users\kimri\OneDrive\Desktop\cloned repos\ipdfreely\ipdfreely.Tests\Unit\LoggingServiceTests.cs(3,7): error CS0246: The type or namespace name 'Xunit' could not be found (are you missing a using directive or an assembly reference?) [C:\Users\kimri\OneDrive\Desktop\cloned repos\ipdfreely\ipdfreely.csproj::TargetFramework=net10.0-windows10.0.19041.0]
C:\Users\kimri\OneDrive\Desktop\cloned repos\ipdfreely\ipdfreely.Tests\Unit\LoggingServiceTests.cs(4,7): error CS0246: The type or namespace name 'FluentAssertions' could not be found (are you missing a using directive or an assembly reference?) [C:\Users\kimri\OneDrive\Desktop\cloned repos\ipdfreely\ipdfreely.csproj::TargetFramework=net10.0-windows10.0.19041.0]
C:\Users\kimri\OneDrive\Desktop\cloned repos\ipdfreely\ipdfreely.Tests\Unit\PdfServicesTests.cs(4,7): error CS0246: The type or namespace name 'Xunit' could not be found (are you missing a using directive or an assembly reference?) [C:\Users\kimri\OneDrive\Desktop\cloned repos\ipdfreely\ipdfreely.csproj::TargetFramework=net10.0-windows10.0.19041.0]
C:\Users\kimri\OneDrive\Desktop\cloned repos\ipdfreely\ipdfreely.Tests\Unit\PdfServicesTests.cs(5,7): error CS0246: The type or namespace name 'FluentAssertions' could not be found (are you missing a using directive or an assembly reference?) [C:\Users\kimri\OneDrive\Desktop\cloned repos\ipdfreely\ipdfreely.csproj::TargetFramework=net10.0-windows10.0.19041.0]
C:\Users\kimri\OneDrive\Desktop\cloned repos\ipdfreely\ipdfreely.Tests\Unit\LoggingServiceTests.cs(11,6): error CS0246: The type or namespace name 'FactAttribute' could not be found (are you missing a using directive or an assembly reference?) [C:\Users\kimri\OneDrive\Desktop\cloned repos\ipdfreely\ipdfreely.csproj::TargetFramework=net10.0-windows10.0.19041.0]
C:\Users\kimri\OneDrive\Desktop\cloned repos\ipdfreely\ipdfreely.Tests\Unit\LoggingServiceTests.cs(11,6): error CS0246: The type or namespace name 'Fact' could not be found (are you missing a using directive or an assembly reference?) [C:\Users\kimri\OneDrive\Desktop\cloned repos\ipdfreely\ipdfreely.csproj::TargetFramework=net10.0-windows10.0.19041.0]
C:\Users\kimri\OneDrive\Desktop\cloned repos\ipdfreely\ipdfreely.Tests\Unit\PdfServicesTests.cs(12,6): error CS0246: The type or namespace name 'FactAttribute' could not be found (are you missing a using directive or an assembly reference?) [C:\Users\kimri\OneDrive\Desktop\cloned repos\ipdfreely\ipdfreely.csproj::TargetFramework=net10.0-windows10.0.19041.0]
C:\Users\kimri\OneDrive\Desktop\cloned repos\ipdfreely\ipdfreely.Tests\Unit\PdfServicesTests.cs(12,6): error CS0246: The type or namespace name 'Fact' could not be found (are you missing a using directive or an assembly reference?) [C:\Users\kimri\OneDrive\Desktop\cloned repos\ipdfreely\ipdfreely.csproj::TargetFramework=net10.0-windows10.0.19041.0]
C:\Users\kimri\OneDrive\Desktop\cloned repos\ipdfreely\ipdfreely.Tests\Unit\LoggingServiceTests.cs(21,6): error CS0246: The type or namespace name 'FactAttribute' could not be found (are you missing a using directive or an assembly reference?) [C:\Users\kimri\OneDrive\Desktop\cloned repos\ipdfreely\ipdfreely.csproj::TargetFramework=net10.0-windows10.0.19041.0]
C:\Users\kimri\OneDrive\Desktop\cloned repos\ipdfreely\ipdfreely.Tests\Unit\LoggingServiceTests.cs(21,6): error CS0246: The type or namespace name 'Fact' could not be found (are you missing a using directive or an assembly reference?) [C:\Users\kimri\OneDrive\Desktop\cloned repos\ipdfreely\ipdfreely.csproj::TargetFramework=net10.0-windows10.0.19041.0]
C:\Users\kimri\OneDrive\Desktop\cloned repos\ipdfreely\ipdfreely.Tests\Unit\PdfServicesTests.cs(22,6): error CS0246: The type or namespace name 'FactAttribute' could not be found (are you missing a using directive or an assembly reference?) [C:\Users\kimri\OneDrive\Desktop\cloned repos\ipdfreely\ipdfreely.csproj::TargetFramework=net10.0-windows10.0.19041.0]
C:\Users\kimri\OneDrive\Desktop\cloned repos\ipdfreely\ipdfreely.Tests\Unit\PdfServicesTests.cs(22,6): error CS0246: The type or namespace name 'Fact' could not be found (are you missing a using directive or an assembly reference?) [C:\Users\kimri\OneDrive\Desktop\cloned repos\ipdfreely\ipdfreely.csproj::TargetFramework=net10.0-windows10.0.19041.0]
C:\Users\kimri\OneDrive\Desktop\cloned repos\ipdfreely\ipdfreely.Tests\Unit\LoggingServiceTests.cs(36,6): error CS0246: The type or namespace name 'FactAttribute' could not be found (are you missing a using directive or an assembly reference?) [C:\Users\kimri\OneDrive\Desktop\cloned repos\ipdfreely\ipdfreely.csproj::TargetFramework=net10.0-windows10.0.19041.0]
C:\Users\kimri\OneDrive\Desktop\cloned repos\ipdfreely\ipdfreely.Tests\Unit\LoggingServiceTests.cs(36,6): error CS0246: The type or namespace name 'Fact' could not be found (are you missing a using directive or an assembly reference?) [C:\Users\kimri\OneDrive\Desktop\cloned repos\ipdfreely\ipdfreely.csproj::TargetFramework=net10.0-windows10.0.19041.0]
C:\Users\kimri\OneDrive\Desktop\cloned repos\ipdfreely\ipdfreely.Tests\Unit\PdfServicesTests.cs(35,6): error CS0246: The type or namespace name 'FactAttribute' could not be found (are you missing a using directive or an assembly reference?) [C:\Users\kimri\OneDrive\Desktop\cloned repos\ipdfreely\ipdfreely.csproj::TargetFramework=net10.0-windows10.0.19041.0]
C:\Users\kimri\OneDrive\Desktop\cloned repos\ipdfreely\ipdfreely.Tests\Unit\PdfServicesTests.cs(35,6): error CS0246: The type or namespace name 'Fact' could not be found (are you missing a using directive or an assembly reference?) [C:\Users\kimri\OneDrive\Desktop\cloned repos\ipdfreely\ipdfreely.csproj::TargetFramework=net10.0-windows10.0.19041.0]
C:\Users\kimri\OneDrive\Desktop\cloned repos\ipdfreely\ipdfreely.Tests\Unit\LoggingServiceTests.cs(52,6): error CS0246: The type or namespace name 'FactAttribute' could not be found (are you missing a using directive or an assembly reference?) [C:\Users\kimri\OneDrive\Desktop\cloned repos\ipdfreely\ipdfreely.csproj::TargetFramework=net10.0-windows10.0.19041.0]
C:\Users\kimri\OneDrive\Desktop\cloned repos\ipdfreely\ipdfreely.Tests\Unit\LoggingServiceTests.cs(52,6): error CS0246: The type or namespace name 'Fact' could not be found (are you missing a using directive or an assembly reference?) [C:\Users\kimri\OneDrive\Desktop\cloned repos\ipdfreely\ipdfreely.csproj::TargetFramework=net10.0-windows10.0.19041.0]
C:\Users\kimri\OneDrive\Desktop\cloned repos\ipdfreely\ipdfreely.Tests\Unit\PdfServicesTests.cs(52,6): error CS0246: The type or namespace name 'FactAttribute' could not be found (are you missing a using directive or an assembly reference?) [C:\Users\kimri\OneDrive\Desktop\cloned repos\ipdfreely\ipdfreely.csproj::TargetFramework=net10.0-windows10.0.19041.0]
C:\Users\kimri\OneDrive\Desktop\cloned repos\ipdfreely\ipdfreely.Tests\Unit\PdfServicesTests.cs(52,6): error CS0246: The type or namespace name 'Fact' could not be found (are you missing a using directive or an assembly reference?) [C:\Users\kimri\OneDrive\Desktop\cloned repos\ipdfreely\ipdfreely.csproj::TargetFramework=net10.0-windows10.0.19041.0]
C:\Users\kimri\OneDrive\Desktop\cloned repos\ipdfreely\ipdfreely.Tests\Unit\LoggingServiceTests.cs(67,6): error CS0246: The type or namespace name 'FactAttribute' could not be found (are you missing a using directive or an assembly reference?) [C:\Users\kimri\OneDrive\Desktop\cloned repos\ipdfreely\ipdfreely.csproj::TargetFramework=net10.0-windows10.0.19041.0]
C:\Users\kimri\OneDrive\Desktop\cloned repos\ipdfreely\ipdfreely.Tests\Unit\LoggingServiceTests.cs(67,6): error CS0246: The type or namespace name 'Fact' could not be found (are you missing a using directive or an assembly reference?) [C:\Users\kimri\OneDrive\Desktop\cloned repos\ipdfreely\ipdfreely.csproj::TargetFramework=net10.0-windows10.0.19041.0]
C:\Users\kimri\OneDrive\Desktop\cloned repos\ipdfreely\ipdfreely.Tests\Unit\PdfServicesTests.cs(70,6): error CS0246: The type or namespace name 'FactAttribute' could not be found (are you missing a using directive or an assembly reference?) [C:\Users\kimri\OneDrive\Desktop\cloned repos\ipdfreely\ipdfreely.csproj::TargetFramework=net10.0-windows10.0.19041.0]
C:\Users\kimri\OneDrive\Desktop\cloned repos\ipdfreely\ipdfreely.Tests\Unit\PdfServicesTests.cs(70,6): error CS0246: The type or namespace name 'Fact' could not be found (are you missing a using directive or an assembly reference?) [C:\Users\kimri\OneDrive\Desktop\cloned repos\ipdfreely\ipdfreely.csproj::TargetFramework=net10.0-windows10.0.19041.0]
C:\Users\kimri\OneDrive\Desktop\cloned repos\ipdfreely\ipdfreely.Tests\Unit\LoggingServiceTests.cs(83,6): error CS0246: The type or namespace name 'FactAttribute' could not be found (are you missing a using directive or an assembly reference?) [C:\Users\kimri\OneDrive\Desktop\cloned repos\ipdfreely\ipdfreely.csproj::TargetFramework=net10.0-windows10.0.19041.0]
C:\Users\kimri\OneDrive\Desktop\cloned repos\ipdfreely\ipdfreely.Tests\Unit\LoggingServiceTests.cs(83,6): error CS0246: The type or namespace name 'Fact' could not be found (are you missing a using directive or an assembly reference?) [C:\Users\kimri\OneDrive\Desktop\cloned repos\ipdfreely\ipdfreely.csproj::TargetFramework=net10.0-windows10.0.19041.0]
C:\Users\kimri\OneDrive\Desktop\cloned repos\ipdfreely\ipdfreely.Tests\Unit\PdfServicesTests.cs(80,6): error CS0246: The type or namespace name 'FactAttribute' could not be found (are you missing a using directive or an assembly reference?) [C:\Users\kimri\OneDrive\Desktop\cloned repos\ipdfreely\ipdfreely.csproj::TargetFramework=net10.0-windows10.0.19041.0]
C:\Users\kimri\OneDrive\Desktop\cloned repos\ipdfreely\ipdfreely.Tests\Unit\PdfServicesTests.cs(80,6): error CS0246: The type or namespace name 'Fact' could not be found (are you missing a using directive or an assembly reference?) [C:\Users\kimri\OneDrive\Desktop\cloned repos\ipdfreely\ipdfreely.csproj::TargetFramework=net10.0-windows10.0.19041.0]
C:\Users\kimri\OneDrive\Desktop\cloned repos\ipdfreely\ipdfreely.Tests\Unit\LoggingServiceTests.cs(100,6): error CS0246: The type or namespace name 'FactAttribute' could not be found (are you missing a using directive or an assembly reference?) [C:\Users\kimri\OneDrive\Desktop\cloned repos\ipdfreely\ipdfreely.csproj::TargetFramework=net10.0-windows10.0.19041.0]
C:\Users\kimri\OneDrive\Desktop\cloned repos\ipdfreely\ipdfreely.Tests\Unit\LoggingServiceTests.cs(100,6): error CS0246: The type or namespace name 'Fact' could not be found (are you missing a using directive or an assembly reference?) [C:\Users\kimri\OneDrive\Desktop\cloned repos\ipdfreely\ipdfreely.csproj::TargetFramework=net10.0-windows10.0.19041.0]
C:\Users\kimri\OneDrive\Desktop\cloned repos\ipdfreely\ipdfreely.Tests\Unit\PdfServicesTests.cs(93,6): error CS0246: The type or namespace name 'FactAttribute' could not be found (are you missing a using directive or an assembly reference?) [C:\Users\kimri\OneDrive\Desktop\cloned repos\ipdfreely\ipdfreely.csproj::TargetFramework=net10.0-windows10.0.19041.0]
C:\Users\kimri\OneDrive\Desktop\cloned repos\ipdfreely\ipdfreely.Tests\Unit\PdfServicesTests.cs(93,6): error CS0246: The type or namespace name 'Fact' could not be found (are you missing a using directive or an assembly reference?) [C:\Users\kimri\OneDrive\Desktop\cloned repos\ipdfreely\ipdfreely.csproj::TargetFramework=net10.0-windows10.0.19041.0]
C:\Users\kimri\OneDrive\Desktop\cloned repos\ipdfreely\ipdfreely.Tests\Unit\LoggingServiceTests.cs(115,6): error CS0246: The type or namespace name 'FactAttribute' could not be found (are you missing a using directive or an assembly reference?) [C:\Users\kimri\OneDrive\Desktop\cloned repos\ipdfreely\ipdfreely.csproj::TargetFramework=net10.0-windows10.0.19041.0]
C:\Users\kimri\OneDrive\Desktop\cloned repos\ipdfreely\ipdfreely.Tests\Unit\LoggingServiceTests.cs(115,6): error CS0246: The type or namespace name 'Fact' could not be found (are you missing a using directive or an assembly reference?) [C:\Users\kimri\OneDrive\Desktop\cloned repos\ipdfreely\ipdfreely.csproj::TargetFramework=net10.0-windows10.0.19041.0]
C:\Users\kimri\OneDrive\Desktop\cloned repos\ipdfreely\ipdfreely.Tests\Unit\PdfServicesTests.cs(107,6): error CS0246: The type or namespace name 'FactAttribute' could not be found (are you missing a using directive or an assembly reference?) [C:\Users\kimri\OneDrive\Desktop\cloned repos\ipdfreely\ipdfreely.csproj::TargetFramework=net10.0-windows10.0.19041.0]
C:\Users\kimri\OneDrive\Desktop\cloned repos\ipdfreely\ipdfreely.Tests\Unit\PdfServicesTests.cs(107,6): error CS0246: The type or namespace name 'Fact' could not be found (are you missing a using directive or an assembly reference?) [C:\Users\kimri\OneDrive\Desktop\cloned repos\ipdfreely\ipdfreely.csproj::TargetFramework=net10.0-windows10.0.19041.0]
C:\Users\kimri\OneDrive\Desktop\cloned repos\ipdfreely\ipdfreely.Tests\Unit\LoggingServiceTests.cs(129,6): error CS0246: The type or namespace name 'FactAttribute' could not be found (are you missing a using directive or an assembly reference?) [C:\Users\kimri\OneDrive\Desktop\cloned repos\ipdfreely\ipdfreely.csproj::TargetFramework=net10.0-windows10.0.19041.0]
C:\Users\kimri\OneDrive\Desktop\cloned repos\ipdfreely\ipdfreely.Tests\Unit\LoggingServiceTests.cs(129,6): error CS0246: The type or namespace name 'Fact' could not be found (are you missing a using directive or an assembly reference?) [C:\Users\kimri\OneDrive\Desktop\cloned repos\ipdfreely\ipdfreely.csproj::TargetFramework=net10.0-windows10.0.19041.0]
C:\Users\kimri\OneDrive\Desktop\cloned repos\ipdfreely\ipdfreely.Tests\Unit\PdfServicesTests.cs(129,6): error CS0246: The type or namespace name 'FactAttribute' could not be found (are you missing a using directive or an assembly reference?) [C:\Users\kimri\OneDrive\Desktop\cloned repos\ipdfreely\ipdfreely.csproj::TargetFramework=net10.0-windows10.0.19041.0]
C:\Users\kimri\OneDrive\Desktop\cloned repos\ipdfreely\ipdfreely.Tests\Unit\PdfServicesTests.cs(129,6): error CS0246: The type or namespace name 'Fact' could not be found (are you missing a using directive or an assembly reference?) [C:\Users\kimri\OneDrive\Desktop\cloned repos\ipdfreely\ipdfreely.csproj::TargetFramework=net10.0-windows10.0.19041.0]
C:\Users\kimri\OneDrive\Desktop\cloned repos\ipdfreely\ipdfreely.Tests\Unit\LoggingServiceTests.cs(148,6): error CS0246: The type or namespace name 'FactAttribute' could not be found (are you missing a using directive or an assembly reference?) [C:\Users\kimri\OneDrive\Desktop\cloned repos\ipdfreely\ipdfreely.csproj::TargetFramework=net10.0-windows10.0.19041.0]
C:\Users\kimri\OneDrive\Desktop\cloned repos\ipdfreely\ipdfreely.Tests\Unit\LoggingServiceTests.cs(148,6): error CS0246: The type or namespace name 'Fact' could not be found (are you missing a using directive or an assembly reference?) [C:\Users\kimri\OneDrive\Desktop\cloned repos\ipdfreely\ipdfreely.csproj::TargetFramework=net10.0-windows10.0.19041.0]
C:\Users\kimri\OneDrive\Desktop\cloned repos\ipdfreely\ipdfreely.Tests\Unit\PdfServicesTests.cs(151,6): error CS0246: The type or namespace name 'FactAttribute' could not be found (are you missing a using directive or an assembly reference?) [C:\Users\kimri\OneDrive\Desktop\cloned repos\ipdfreely\ipdfreely.csproj::TargetFramework=net10.0-windows10.0.19041.0]
C:\Users\kimri\OneDrive\Desktop\cloned repos\ipdfreely\ipdfreely.Tests\Unit\PdfServicesTests.cs(151,6): error CS0246: The type or namespace name 'Fact' could not be found (are you missing a using directive or an assembly reference?) [C:\Users\kimri\OneDrive\Desktop\cloned repos\ipdfreely\ipdfreely.csproj::TargetFramework=net10.0-windows10.0.19041.0]
C:\Users\kimri\OneDrive\Desktop\cloned repos\ipdfreely\ipdfreely.Tests\Unit\LoggingServiceTests.cs(166,6): error CS0246: The type or namespace name 'FactAttribute' could not be found (are you missing a using directive or an assembly reference?) [C:\Users\kimri\OneDrive\Desktop\cloned repos\ipdfreely\ipdfreely.csproj::TargetFramework=net10.0-windows10.0.19041.0]
C:\Users\kimri\OneDrive\Desktop\cloned repos\ipdfreely\ipdfreely.Tests\Unit\LoggingServiceTests.cs(166,6): error CS0246: The type or namespace name 'Fact' could not be found (are you missing a using directive or an assembly reference?) [C:\Users\kimri\OneDrive\Desktop\cloned repos\ipdfreely\ipdfreely.csproj::TargetFramework=net10.0-windows10.0.19041.0]
C:\Users\kimri\OneDrive\Desktop\cloned repos\ipdfreely\ipdfreely.Tests\Unit\PdfServicesTests.cs(169,6): error CS0246: The type or namespace name 'FactAttribute' could not be found (are you missing a using directive or an assembly reference?) [C:\Users\kimri\OneDrive\Desktop\cloned repos\ipdfreely\ipdfreely.csproj::TargetFramework=net10.0-windows10.0.19041.0]
C:\Users\kimri\OneDrive\Desktop\cloned repos\ipdfreely\ipdfreely.Tests\Unit\PdfServicesTests.cs(169,6): error CS0246: The type or namespace name 'Fact' could not be found (are you missing a using directive or an assembly reference?) [C:\Users\kimri\OneDrive\Desktop\cloned repos\ipdfreely\ipdfreely.csproj::TargetFramework=net10.0-windows10.0.19041.0]
C:\Users\kimri\OneDrive\Desktop\cloned repos\ipdfreely\ipdfreely.Tests\Unit\LoggingServiceTests.cs(185,6): error CS0246: The type or namespace name 'FactAttribute' could not be found (are you missing a using directive or an assembly reference?) [C:\Users\kimri\OneDrive\Desktop\cloned repos\ipdfreely\ipdfreely.csproj::TargetFramework=net10.0-windows10.0.19041.0]
C:\Users\kimri\OneDrive\Desktop\cloned repos\ipdfreely\ipdfreely.Tests\Unit\LoggingServiceTests.cs(185,6): error CS0246: The type or namespace name 'Fact' could not be found (are you missing a using directive or an assembly reference?) [C:\Users\kimri\OneDrive\Desktop\cloned repos\ipdfreely\ipdfreely.csproj::TargetFramework=net10.0-windows10.0.19041.0]
C:\Users\kimri\OneDrive\Desktop\cloned repos\ipdfreely\ipdfreely.Tests\Unit\PdfServicesTests.cs(192,6): error CS0246: The type or namespace name 'FactAttribute' could not be found (are you missing a using directive or an assembly reference?) [C:\Users\kimri\OneDrive\Desktop\cloned repos\ipdfreely\ipdfreely.csproj::TargetFramework=net10.0-windows10.0.19041.0]
C:\Users\kimri\OneDrive\Desktop\cloned repos\ipdfreely\ipdfreely.Tests\Unit\PdfServicesTests.cs(192,6): error CS0246: The type or namespace name 'Fact' could not be found (are you missing a using directive or an assembly reference?) [C:\Users\kimri\OneDrive\Desktop\cloned repos\ipdfreely\ipdfreely.csproj::TargetFramework=net10.0-windows10.0.19041.0]
C:\Users\kimri\OneDrive\Desktop\cloned repos\ipdfreely\ipdfreely.Tests\Unit\PdfServicesTests.cs(211,6): error CS0246: The type or namespace name 'FactAttribute' could not be found (are you missing a using directive or an assembly reference?) [C:\Users\kimri\OneDrive\Desktop\cloned repos\ipdfreely\ipdfreely.csproj::TargetFramework=net10.0-windows10.0.19041.0]
C:\Users\kimri\OneDrive\Desktop\cloned repos\ipdfreely\ipdfreely.Tests\Unit\PdfServicesTests.cs(211,6): error CS0246: The type or namespace name 'Fact' could not be found (are you missing a using directive or an assembly reference?) [C:\Users\kimri\OneDrive\Desktop\cloned repos\ipdfreely\ipdfreely.csproj::TargetFramework=net10.0-windows10.0.19041.0]

Build FAILED.
    80 Warning(s)
    222 Error(s)

Time Elapsed 00:00:08.98
