  Determining projects to restore...
C:\Users\kimri\OneDrive\Desktop\cloned repos\ipdfreely\ipdfreely.Tests\ipdfreely.Tests.csproj : warning NU1903: Package 'SixLabors.ImageSharp' 1.0.4 has a known high severity vulnerability, https://github.com/advisories/GHSA-2cmq-823j-5qj8 [C:\Users\kimri\OneDrive\Desktop\cloned repos\ipdfreely\ipdfreely.sln]
C:\Users\kimri\OneDrive\Desktop\cloned repos\ipdfreely\ipdfreely.csproj : warning NU1903: Package 'SixLabors.ImageSharp' 1.0.4 has a known high severity vulnerability, https://github.com/advisories/GHSA-2cmq-823j-5qj8 [C:\Users\kimri\OneDrive\Desktop\cloned repos\ipdfreely\ipdfreely.sln]
C:\Users\kimri\OneDrive\Desktop\cloned repos\ipdfreely\ipdfreely.Tests\ipdfreely.Tests.csproj : warning NU1902: Package 'SixLabors.ImageSharp' 1.0.4 has a known moderate severity vulnerability, https://github.com/advisories/GHSA-5x7m-6737-26cr [C:\Users\kimri\OneDrive\Desktop\cloned repos\ipdfreely\ipdfreely.sln]
C:\Users\kimri\OneDrive\Desktop\cloned repos\ipdfreely\ipdfreely.csproj : warning NU1902: Package 'SixLabors.ImageSharp' 1.0.4 has a known moderate severity vulnerability, https://github.com/advisories/GHSA-5x7m-6737-26cr [C:\Users\kimri\OneDrive\Desktop\cloned repos\ipdfreely\ipdfreely.sln]
C:\Users\kimri\OneDrive\Desktop\cloned repos\ipdfreely\ipdfreely.Tests\ipdfreely.Tests.csproj : warning NU1903: Package 'SixLabors.ImageSharp' 1.0.4 has a known high severity vulnerability, https://github.com/advisories/GHSA-63p8-c4ww-9cg7 [C:\Users\kimri\OneDrive\Desktop\cloned repos\ipdfreely\ipdfreely.sln]
C:\Users\kimri\OneDrive\Desktop\cloned repos\ipdfreely\ipdfreely.csproj : warning NU1903: Package 'SixLabors.ImageSharp' 1.0.4 has a known high severity vulnerability, https://github.com/advisories/GHSA-63p8-c4ww-9cg7 [C:\Users\kimri\OneDrive\Desktop\cloned repos\ipdfreely\ipdfreely.sln]
C:\Users\kimri\OneDrive\Desktop\cloned repos\ipdfreely\ipdfreely.Tests\ipdfreely.Tests.csproj : warning NU1903: Package 'SixLabors.ImageSharp' 1.0.4 has a known high severity vulnerability, https://github.com/advisories/GHSA-65x7-c272-7g7r [C:\Users\kimri\OneDrive\Desktop\cloned repos\ipdfreely\ipdfreely.sln]
C:\Users\kimri\OneDrive\Desktop\cloned repos\ipdfreely\ipdfreely.csproj : warning NU1903: Package 'SixLabors.ImageSharp' 1.0.4 has a known high severity vulnerability, https://github.com/advisories/GHSA-65x7-c272-7g7r [C:\Users\kimri\OneDrive\Desktop\cloned repos\ipdfreely\ipdfreely.sln]
C:\Users\kimri\OneDrive\Desktop\cloned repos\ipdfreely\ipdfreely.Tests\ipdfreely.Tests.csproj : warning NU1902: Package 'SixLabors.ImageSharp' 1.0.4 has a known moderate severity vulnerability, https://github.com/advisories/GHSA-g85r-6x2q-45w7 [C:\Users\kimri\OneDrive\Desktop\cloned repos\ipdfreely\ipdfreely.sln]
C:\Users\kimri\OneDrive\Desktop\cloned repos\ipdfreely\ipdfreely.Tests\ipdfreely.Tests.csproj : warning NU1902: Package 'SixLabors.ImageSharp' 1.0.4 has a known moderate severity vulnerability, https://github.com/advisories/GHSA-qxrv-gp6x-rc23 [C:\Users\kimri\OneDrive\Desktop\cloned repos\ipdfreely\ipdfreely.sln]
C:\Users\kimri\OneDrive\Desktop\cloned repos\ipdfreely\ipdfreely.csproj : warning NU1902: Package 'SixLabors.ImageSharp' 1.0.4 has a known moderate severity vulnerability, https://github.com/advisories/GHSA-g85r-6x2q-45w7 [C:\Users\kimri\OneDrive\Desktop\cloned repos\ipdfreely\ipdfreely.sln]
C:\Users\kimri\OneDrive\Desktop\cloned repos\ipdfreely\ipdfreely.Tests\ipdfreely.Tests.csproj : warning NU1902: Package 'SixLabors.ImageSharp' 1.0.4 has a known moderate severity vulnerability, https://github.com/advisories/GHSA-rxmq-m78w-7wmc [C:\Users\kimri\OneDrive\Desktop\cloned repos\ipdfreely\ipdfreely.sln]
C:\Users\kimri\OneDrive\Desktop\cloned repos\ipdfreely\ipdfreely.csproj : warning NU1902: Package 'SixLabors.ImageSharp' 1.0.4 has a known moderate severity vulnerability, https://github.com/advisories/GHSA-qxrv-gp6x-rc23 [C:\Users\kimri\OneDrive\Desktop\cloned repos\ipdfreely\ipdfreely.sln]
C:\Users\kimri\OneDrive\Desktop\cloned repos\ipdfreely\ipdfreely.csproj : warning NU1902: Package 'SixLabors.ImageSharp' 1.0.4 has a known moderate severity vulnerability, https://github.com/advisories/GHSA-rxmq-m78w-7wmc [C:\Users\kimri\OneDrive\Desktop\cloned repos\ipdfreely\ipdfreely.sln]
  All projects are up-to-date for restore.
C:\Users\kimri\OneDrive\Desktop\cloned repos\ipdfreely\ipdfreely.Tests\ipdfreely.Tests.csproj : warning NU1903: Package 'SixLabors.ImageSharp' 1.0.4 has a known high severity vulnerability, https://github.com/advisories/GHSA-2cmq-823j-5qj8 [TargetFramework=net10.0-android]
C:\Users\kimri\OneDrive\Desktop\cloned repos\ipdfreely\ipdfreely.Tests\ipdfreely.Tests.csproj : warning NU1902: Package 'SixLabors.ImageSharp' 1.0.4 has a known moderate severity vulnerability, https://github.com/advisories/GHSA-5x7m-6737-26cr [TargetFramework=net10.0-android]
C:\Users\kimri\OneDrive\Desktop\cloned repos\ipdfreely\ipdfreely.Tests\ipdfreely.Tests.csproj : warning NU1903: Package 'SixLabors.ImageSharp' 1.0.4 has a known high severity vulnerability, https://github.com/advisories/GHSA-63p8-c4ww-9cg7 [TargetFramework=net10.0-android]
C:\Users\kimri\OneDrive\Desktop\cloned repos\ipdfreely\ipdfreely.Tests\ipdfreely.Tests.csproj : warning NU1903: Package 'SixLabors.ImageSharp' 1.0.4 has a known high severity vulnerability, https://github.com/advisories/GHSA-65x7-c272-7g7r [TargetFramework=net10.0-android]
C:\Users\kimri\OneDrive\Desktop\cloned repos\ipdfreely\ipdfreely.Tests\ipdfreely.Tests.csproj : warning NU1902: Package 'SixLabors.ImageSharp' 1.0.4 has a known moderate severity vulnerability, https://github.com/advisories/GHSA-g85r-6x2q-45w7 [TargetFramework=net10.0-android]
C:\Users\kimri\OneDrive\Desktop\cloned repos\ipdfreely\ipdfreely.Tests\ipdfreely.Tests.csproj : warning NU1902: Package 'SixLabors.ImageSharp' 1.0.4 has a known moderate severity vulnerability, https://github.com/advisories/GHSA-qxrv-gp6x-rc23 [TargetFramework=net10.0-android]
C:\Users\kimri\OneDrive\Desktop\cloned repos\ipdfreely\ipdfreely.Tests\ipdfreely.Tests.csproj : warning NU1902: Package 'SixLabors.ImageSharp' 1.0.4 has a known moderate severity vulnerability, https://github.com/advisories/GHSA-rxmq-m78w-7wmc [TargetFramework=net10.0-android]
C:\Users\kimri\.nuget\packages\microsoft.testplatform.testhost\17.14.1\build\net8.0\x64\testhost.exe : warning XA0101: @(Content) build action is not supported [C:\Users\kimri\OneDrive\Desktop\cloned repos\ipdfreely\ipdfreely.Tests\ipdfreely.Tests.csproj::TargetFramework=net10.0-android]
C:\Users\kimri\.nuget\packages\microsoft.testplatform.testhost\17.14.1\build\net8.0\x64\testhost.dll : warning XA0101: @(Content) build action is not supported [C:\Users\kimri\OneDrive\Desktop\cloned repos\ipdfreely\ipdfreely.Tests\ipdfreely.Tests.csproj::TargetFramework=net10.0-android]
C:\Users\kimri\OneDrive\Desktop\cloned repos\ipdfreely\ipdfreely.Tests\ipdfreely.Tests.csproj : warning NU1903: Package 'SixLabors.ImageSharp' 1.0.4 has a known high severity vulnerability, https://github.com/advisories/GHSA-2cmq-823j-5qj8 [TargetFramework=net10.0-windows10.0.19041.0]
C:\Users\kimri\OneDrive\Desktop\cloned repos\ipdfreely\ipdfreely.Tests\ipdfreely.Tests.csproj : warning NU1902: Package 'SixLabors.ImageSharp' 1.0.4 has a known moderate severity vulnerability, https://github.com/advisories/GHSA-5x7m-6737-26cr [TargetFramework=net10.0-windows10.0.19041.0]
C:\Users\kimri\OneDrive\Desktop\cloned repos\ipdfreely\ipdfreely.Tests\ipdfreely.Tests.csproj : warning NU1903: Package 'SixLabors.ImageSharp' 1.0.4 has a known high severity vulnerability, https://github.com/advisories/GHSA-63p8-c4ww-9cg7 [TargetFramework=net10.0-windows10.0.19041.0]
C:\Users\kimri\OneDrive\Desktop\cloned repos\ipdfreely\ipdfreely.Tests\ipdfreely.Tests.csproj : warning NU1903: Package 'SixLabors.ImageSharp' 1.0.4 has a known high severity vulnerability, https://github.com/advisories/GHSA-65x7-c272-7g7r [TargetFramework=net10.0-windows10.0.19041.0]
C:\Users\kimri\OneDrive\Desktop\cloned repos\ipdfreely\ipdfreely.Tests\ipdfreely.Tests.csproj : warning NU1902: Package 'SixLabors.ImageSharp' 1.0.4 has a known moderate severity vulnerability, https://github.com/advisories/GHSA-g85r-6x2q-45w7 [TargetFramework=net10.0-windows10.0.19041.0]
C:\Users\kimri\OneDrive\Desktop\cloned repos\ipdfreely\ipdfreely.Tests\ipdfreely.Tests.csproj : warning NU1902: Package 'SixLabors.ImageSharp' 1.0.4 has a known moderate severity vulnerability, https://github.com/advisories/GHSA-qxrv-gp6x-rc23 [TargetFramework=net10.0-windows10.0.19041.0]
C:\Users\kimri\OneDrive\Desktop\cloned repos\ipdfreely\ipdfreely.Tests\ipdfreely.Tests.csproj : warning NU1902: Package 'SixLabors.ImageSharp' 1.0.4 has a known moderate severity vulnerability, https://github.com/advisories/GHSA-rxmq-m78w-7wmc [TargetFramework=net10.0-windows10.0.19041.0]
  ipdfreely.Tests -> C:\Users\kimri\OneDrive\Desktop\cloned repos\ipdfreely\ipdfreely.Tests\bin\Debug\net10.0-android\ipdfreely.Tests.dll
  ipdfreely.Tests -> C:\Users\kimri\OneDrive\Desktop\cloned repos\ipdfreely\ipdfreely.Tests\bin\Debug\net10.0-windows10.0.19041.0\ipdfreely.Tests.dll
Test run for C:\Users\kimri\OneDrive\Desktop\cloned repos\ipdfreely\ipdfreely.Tests\bin\Debug\net10.0-windows10.0.19041.0\ipdfreely.Tests.dll (.NETCoreApp,Version=v10.0)
Test run for C:\Users\kimri\OneDrive\Desktop\cloned repos\ipdfreely\ipdfreely.Tests\bin\Debug\net10.0-android\ipdfreely.Tests.dll (.NETCoreApp,Version=v10.0)
VSTest version 18.0.1 (x64)

C:\Users\kimri\OneDrive\Desktop\cloned repos\ipdfreely\ipdfreely.csproj : warning NU1903: Package 'SixLabors.ImageSharp' 1.0.4 has a known high severity vulnerability, https://github.com/advisories/GHSA-2cmq-823j-5qj8 [TargetFramework=net10.0-android]
C:\Users\kimri\OneDrive\Desktop\cloned repos\ipdfreely\ipdfreely.csproj : warning NU1902: Package 'SixLabors.ImageSharp' 1.0.4 has a known moderate severity vulnerability, https://github.com/advisories/GHSA-5x7m-6737-26cr [TargetFramework=net10.0-android]
C:\Users\kimri\OneDrive\Desktop\cloned repos\ipdfreely\ipdfreely.csproj : warning NU1903: Package 'SixLabors.ImageSharp' 1.0.4 has a known high severity vulnerability, https://github.com/advisories/GHSA-63p8-c4ww-9cg7 [TargetFramework=net10.0-android]
C:\Users\kimri\OneDrive\Desktop\cloned repos\ipdfreely\ipdfreely.csproj : warning NU1903: Package 'SixLabors.ImageSharp' 1.0.4 has a known high severity vulnerability, https://github.com/advisories/GHSA-65x7-c272-7g7r [TargetFramework=net10.0-android]
C:\Users\kimri\OneDrive\Desktop\cloned repos\ipdfreely\ipdfreely.csproj : warning NU1902: Package 'SixLabors.ImageSharp' 1.0.4 has a known moderate severity vulnerability, https://github.com/advisories/GHSA-g85r-6x2q-45w7 [TargetFramework=net10.0-android]
C:\Users\kimri\OneDrive\Desktop\cloned repos\ipdfreely\ipdfreely.csproj : warning NU1902: Package 'SixLabors.ImageSharp' 1.0.4 has a known moderate severity vulnerability, https://github.com/advisories/GHSA-qxrv-gp6x-rc23 [TargetFramework=net10.0-android]
C:\Users\kimri\OneDrive\Desktop\cloned repos\ipdfreely\ipdfreely.csproj : warning NU1902: Package 'SixLabors.ImageSharp' 1.0.4 has a known moderate severity vulnerability, https://github.com/advisories/GHSA-rxmq-m78w-7wmc [TargetFramework=net10.0-android]
VSTest version 18.0.1 (x64)

Starting test execution, please wait...
Starting test execution, please wait...
A total of 1 test files matched the specified pattern.
A total of 1 test files matched the specified pattern.
dotnet : Testhost process for source(s) 'C:\Users\kimri\OneDrive\Desktop\cloned 
repos\ipdfreely\ipdfreely.Tests\bin\Debug\net10.0-android\ipdfreely.Tests.dll' exited with error: You must install or update .NET to run this application.
At line:1 char:1
+ dotnet test ipdfreely.sln > test_errors.txt 2>&1
+ ~~~~~~~~~~~~~~~~~~~~~~~~~~~~~~~~~~~~~~~~~~~~~~~~
    + CategoryInfo          : NotSpecified: (Testhost proces...is application.:String) [], RemoteException
    + FullyQualifiedErrorId : NativeCommandError
 
App: C:\Users\kimri\OneDrive\Desktop\cloned repos\ipdfreely\ipdfreely.Tests\bin\Debug\net10.0-android\testhost.exe
Architecture: x64
Framework: 'Microsoft.Android', version '**FromWorkload**' (x64)
.NET location: C:\Program Files\dotnet
No frameworks were found.
Learn more:
https://aka.ms/dotnet/app-launch-failed
To install missing framework, download:
https://aka.ms/dotnet-core-applaunch?framework=Microsoft.Android&framework_version=**FromWorkload**&arch=x64&rid=win-x64&os=win10
. Please check the diagnostic logs for more information.

Test Run Aborted.
C:\Users\kimri\OneDrive\Desktop\cloned repos\ipdfreely\ipdfreely.csproj : warning NU1903: Package 'SixLabors.ImageSharp' 1.0.4 has a known high severity vulnerability, https://github.com/advisories/GHSA-2cmq-823j-5qj8 [TargetFramework=net10.0-maccatalyst]
C:\Users\kimri\OneDrive\Desktop\cloned repos\ipdfreely\ipdfreely.csproj : warning NU1902: Package 'SixLabors.ImageSharp' 1.0.4 has a known moderate severity vulnerability, https://github.com/advisories/GHSA-5x7m-6737-26cr [TargetFramework=net10.0-maccatalyst]
C:\Users\kimri\OneDrive\Desktop\cloned repos\ipdfreely\ipdfreely.csproj : warning NU1903: Package 'SixLabors.ImageSharp' 1.0.4 has a known high severity vulnerability, https://github.com/advisories/GHSA-63p8-c4ww-9cg7 [TargetFramework=net10.0-maccatalyst]
C:\Users\kimri\OneDrive\Desktop\cloned repos\ipdfreely\ipdfreely.csproj : warning NU1903: Package 'SixLabors.ImageSharp' 1.0.4 has a known high severity vulnerability, https://github.com/advisories/GHSA-65x7-c272-7g7r [TargetFramework=net10.0-maccatalyst]
C:\Users\kimri\OneDrive\Desktop\cloned repos\ipdfreely\ipdfreely.csproj : warning NU1902: Package 'SixLabors.ImageSharp' 1.0.4 has a known moderate severity vulnerability, https://github.com/advisories/GHSA-g85r-6x2q-45w7 [TargetFramework=net10.0-maccatalyst]
C:\Users\kimri\OneDrive\Desktop\cloned repos\ipdfreely\ipdfreely.csproj : warning NU1902: Package 'SixLabors.ImageSharp' 1.0.4 has a known moderate severity vulnerability, https://github.com/advisories/GHSA-qxrv-gp6x-rc23 [TargetFramework=net10.0-maccatalyst]
C:\Users\kimri\OneDrive\Desktop\cloned repos\ipdfreely\ipdfreely.csproj : warning NU1902: Package 'SixLabors.ImageSharp' 1.0.4 has a known moderate severity vulnerability, https://github.com/advisories/GHSA-rxmq-m78w-7wmc [TargetFramework=net10.0-maccatalyst]
C:\Users\kimri\OneDrive\Desktop\cloned repos\ipdfreely\ipdfreely.csproj : warning NU1903: Package 'SixLabors.ImageSharp' 1.0.4 has a known high severity vulnerability, https://github.com/advisories/GHSA-2cmq-823j-5qj8 [TargetFramework=net10.0-ios]
C:\Users\kimri\OneDrive\Desktop\cloned repos\ipdfreely\ipdfreely.csproj : warning NU1902: Package 'SixLabors.ImageSharp' 1.0.4 has a known moderate severity vulnerability, https://github.com/advisories/GHSA-5x7m-6737-26cr [TargetFramework=net10.0-ios]
C:\Users\kimri\OneDrive\Desktop\cloned repos\ipdfreely\ipdfreely.csproj : warning NU1903: Package 'SixLabors.ImageSharp' 1.0.4 has a known high severity vulnerability, https://github.com/advisories/GHSA-63p8-c4ww-9cg7 [TargetFramework=net10.0-ios]
C:\Users\kimri\OneDrive\Desktop\cloned repos\ipdfreely\ipdfreely.csproj : warning NU1903: Package 'SixLabors.ImageSharp' 1.0.4 has a known high severity vulnerability, https://github.com/advisories/GHSA-65x7-c272-7g7r [TargetFramework=net10.0-ios]
C:\Users\kimri\OneDrive\Desktop\cloned repos\ipdfreely\ipdfreely.csproj : warning NU1902: Package 'SixLabors.ImageSharp' 1.0.4 has a known moderate severity vulnerability, https://github.com/advisories/GHSA-g85r-6x2q-45w7 [TargetFramework=net10.0-ios]
C:\Users\kimri\OneDrive\Desktop\cloned repos\ipdfreely\ipdfreely.csproj : warning NU1902: Package 'SixLabors.ImageSharp' 1.0.4 has a known moderate severity vulnerability, https://github.com/advisories/GHSA-qxrv-gp6x-rc23 [TargetFramework=net10.0-ios]
C:\Users\kimri\OneDrive\Desktop\cloned repos\ipdfreely\ipdfreely.csproj : warning NU1902: Package 'SixLabors.ImageSharp' 1.0.4 has a known moderate severity vulnerability, https://github.com/advisories/GHSA-rxmq-m78w-7wmc [TargetFramework=net10.0-ios]
C:\Users\kimri\OneDrive\Desktop\cloned repos\ipdfreely\ipdfreely.csproj : warning NU1903: Package 'SixLabors.ImageSharp' 1.0.4 has a known high severity vulnerability, https://github.com/advisories/GHSA-2cmq-823j-5qj8 [TargetFramework=net10.0-windows10.0.19041.0]
C:\Users\kimri\OneDrive\Desktop\cloned repos\ipdfreely\ipdfreely.csproj : warning NU1902: Package 'SixLabors.ImageSharp' 1.0.4 has a known moderate severity vulnerability, https://github.com/advisories/GHSA-5x7m-6737-26cr [TargetFramework=net10.0-windows10.0.19041.0]
C:\Users\kimri\OneDrive\Desktop\cloned repos\ipdfreely\ipdfreely.csproj : warning NU1903: Package 'SixLabors.ImageSharp' 1.0.4 has a known high severity vulnerability, https://github.com/advisories/GHSA-63p8-c4ww-9cg7 [TargetFramework=net10.0-windows10.0.19041.0]
C:\Users\kimri\OneDrive\Desktop\cloned repos\ipdfreely\ipdfreely.csproj : warning NU1903: Package 'SixLabors.ImageSharp' 1.0.4 has a known high severity vulnerability, https://github.com/advisories/GHSA-65x7-c272-7g7r [TargetFramework=net10.0-windows10.0.19041.0]
C:\Users\kimri\OneDrive\Desktop\cloned repos\ipdfreely\ipdfreely.csproj : warning NU1902: Package 'SixLabors.ImageSharp' 1.0.4 has a known moderate severity vulnerability, https://github.com/advisories/GHSA-g85r-6x2q-45w7 [TargetFramework=net10.0-windows10.0.19041.0]
C:\Users\kimri\OneDrive\Desktop\cloned repos\ipdfreely\ipdfreely.csproj : warning NU1902: Package 'SixLabors.ImageSharp' 1.0.4 has a known moderate severity vulnerability, https://github.com/advisories/GHSA-qxrv-gp6x-rc23 [TargetFramework=net10.0-windows10.0.19041.0]
C:\Users\kimri\OneDrive\Desktop\cloned repos\ipdfreely\ipdfreely.csproj : warning NU1902: Package 'SixLabors.ImageSharp' 1.0.4 has a known moderate severity vulnerability, https://github.com/advisories/GHSA-rxmq-m78w-7wmc [TargetFramework=net10.0-windows10.0.19041.0]

Passed!  - Failed:     0, Passed:    19, Skipped:     0, Total:    19, Duration: 204 ms - ipdfreely.Tests.dll (net10.0)
  ipdfreely -> C:\Users\kimri\OneDrive\Desktop\cloned repos\ipdfreely\bin\Debug\net10.0-maccatalyst\maccatalyst-x64\ipdfreely.dll
  ipdfreely -> C:\Users\kimri\OneDrive\Desktop\cloned repos\ipdfreely\bin\Debug\net10.0-ios\iossimulator-x64\ipdfreely.dll
  ipdfreely -> C:\Users\kimri\OneDrive\Desktop\cloned repos\ipdfreely\bin\Debug\net10.0-windows10.0.19041.0\win-x64\ipdfreely.dll
  ipdfreely -> C:\Users\kimri\OneDrive\Desktop\cloned repos\ipdfreely\bin\Debug\net10.0-android\ipdfreely.dll
C:\Users\kimri\OneDrive\Desktop\cloned repos\ipdfreely\ipdfreely.csproj : warning NU1903: Package 'SixLabors.ImageSharp' 1.0.4 has a known high severity vulnerability, https://github.com/advisories/GHSA-2cmq-823j-5qj8 [TargetFramework=net10.0-android]
C:\Users\kimri\OneDrive\Desktop\cloned repos\ipdfreely\ipdfreely.csproj : warning NU1902: Package 'SixLabors.ImageSharp' 1.0.4 has a known moderate severity vulnerability, https://github.com/advisories/GHSA-5x7m-6737-26cr [TargetFramework=net10.0-android]
C:\Users\kimri\OneDrive\Desktop\cloned repos\ipdfreely\ipdfreely.csproj : warning NU1903: Package 'SixLabors.ImageSharp' 1.0.4 has a known high severity vulnerability, https://github.com/advisories/GHSA-63p8-c4ww-9cg7 [TargetFramework=net10.0-android]
C:\Users\kimri\OneDrive\Desktop\cloned repos\ipdfreely\ipdfreely.csproj : warning NU1903: Package 'SixLabors.ImageSharp' 1.0.4 has a known high severity vulnerability, https://github.com/advisories/GHSA-65x7-c272-7g7r [TargetFramework=net10.0-android]
C:\Users\kimri\OneDrive\Desktop\cloned repos\ipdfreely\ipdfreely.csproj : warning NU1902: Package 'SixLabors.ImageSharp' 1.0.4 has a known moderate severity vulnerability, https://github.com/advisories/GHSA-g85r-6x2q-45w7 [TargetFramework=net10.0-android]
C:\Users\kimri\OneDrive\Desktop\cloned repos\ipdfreely\ipdfreely.csproj : warning NU1902: Package 'SixLabors.ImageSharp' 1.0.4 has a known moderate severity vulnerability, https://github.com/advisories/GHSA-qxrv-gp6x-rc23 [TargetFramework=net10.0-android]
C:\Users\kimri\OneDrive\Desktop\cloned repos\ipdfreely\ipdfreely.csproj : warning NU1902: Package 'SixLabors.ImageSharp' 1.0.4 has a known moderate severity vulnerability, https://github.com/advisories/GHSA-rxmq-m78w-7wmc [TargetFramework=net10.0-android]
C:\Users\kimri\OneDrive\Desktop\cloned repos\ipdfreely\ipdfreely.csproj : warning NU1903: Package 'SixLabors.ImageSharp' 1.0.4 has a known high severity vulnerability, https://github.com/advisories/GHSA-2cmq-823j-5qj8 [TargetFramework=net10.0-android]
C:\Users\kimri\OneDrive\Desktop\cloned repos\ipdfreely\ipdfreely.csproj : warning NU1902: Package 'SixLabors.ImageSharp' 1.0.4 has a known moderate severity vulnerability, https://github.com/advisories/GHSA-5x7m-6737-26cr [TargetFramework=net10.0-android]
C:\Users\kimri\OneDrive\Desktop\cloned repos\ipdfreely\ipdfreely.csproj : warning NU1903: Package 'SixLabors.ImageSharp' 1.0.4 has a known high severity vulnerability, https://github.com/advisories/GHSA-63p8-c4ww-9cg7 [TargetFramework=net10.0-android]
C:\Users\kimri\OneDrive\Desktop\cloned repos\ipdfreely\ipdfreely.csproj : warning NU1903: Package 'SixLabors.ImageSharp' 1.0.4 has a known high severity vulnerability, https://github.com/advisories/GHSA-65x7-c272-7g7r [TargetFramework=net10.0-android]
C:\Users\kimri\OneDrive\Desktop\cloned repos\ipdfreely\ipdfreely.csproj : warning NU1902: Package 'SixLabors.ImageSharp' 1.0.4 has a known moderate severity vulnerability, https://github.com/advisories/GHSA-g85r-6x2q-45w7 [TargetFramework=net10.0-android]
C:\Users\kimri\OneDrive\Desktop\cloned repos\ipdfreely\ipdfreely.csproj : warning NU1902: Package 'SixLabors.ImageSharp' 1.0.4 has a known moderate severity vulnerability, https://github.com/advisories/GHSA-qxrv-gp6x-rc23 [TargetFramework=net10.0-android]
C:\Users\kimri\OneDrive\Desktop\cloned repos\ipdfreely\ipdfreely.csproj : warning NU1902: Package 'SixLabors.ImageSharp' 1.0.4 has a known moderate severity vulnerability, https://github.com/advisories/GHSA-rxmq-m78w-7wmc [TargetFramework=net10.0-android]
